******************************************************************************
                  TI ARM Linker PC v18.12.2                    
******************************************************************************
>> Linked Wed Aug 28 14:27:49 2019

OUTPUT FILE NAME:   <Plantsensor.out>
ENTRY POINT SYMBOL: "ResetISR"  address: 00007a89


MEMORY CONFIGURATION

         name            origin    length      used     unused   attr    fill
----------------------  --------  ---------  --------  --------  ----  --------
  FLASH                 00000000   00020000  0000c346  00013cba  R  X
  SRAM                  20000000   00005000  00002e62  0000219e  RW X


SEGMENT ALLOCATION MAP

run origin  load origin   length   init length attrs members
----------  ----------- ---------- ----------- ----- -------
00000000    00000000    00000468   00000468    r--
  00000000    00000000    0000003c   0000003c    r-- .resetVecs
  00000040    00000040    00000428   00000428    r-- .cinit
00001000    00001000    0000be96   0000be96    r-x
  00001000    00001000    0000003c   0000003c    r-- .const:ti_sysbios_knl_Task_Object__PARAMS__C
  0000103c    0000103c    00000034   00000034    r-- .const:ti_sysbios_knl_Mailbox_Object__PARAMS__C
  00001070    00001070    00000030   00000030    r-- .const:ti_sysbios_family_arm_m3_Hwi_Object__PARAMS__C
  000010a0    000010a0    0000002c   0000002c    r-- .const:ti_sysbios_hal_Hwi_Object__PARAMS__C
  000010cc    000010cc    00000028   00000028    r-- .const:ti_sysbios_heaps_HeapMem_Module__FXNS__C
  000010f4    000010f4    00000028   00000028    r-- .const:ti_sysbios_knl_Swi_Object__PARAMS__C
  0000111c    0000111c    00000024   00000024    r-- .const:ti_sysbios_gates_GateHwi_Module__FXNS__C
  00001140    00001140    00000024   00000024    r-- .const:ti_sysbios_gates_GateMutex_Module__FXNS__C
  00001164    00001164    00000024   00000024    r-- .const:ti_sysbios_heaps_HeapMem_Object__PARAMS__C
  00001188    00001188    00000024   00000024    r-- .const:ti_sysbios_knl_Clock_Object__PARAMS__C
  000011ac    000011ac    00000024   00000024    r-- .const:ti_sysbios_knl_Semaphore_Object__PARAMS__C
  000011d0    000011d0    00000020   00000020    r-- .const:ti_sysbios_family_arm_m3_Hwi_Object__DESC__C
  000011f0    000011f0    00000020   00000020    r-- .const:ti_sysbios_gates_GateHwi_Object__DESC__C
  00001210    00001210    00000020   00000020    r-- .const:ti_sysbios_gates_GateMutex_Object__DESC__C
  00001230    00001230    00000020   00000020    r-- .const:ti_sysbios_hal_Hwi_Object__DESC__C
  00001250    00001250    00000020   00000020    r-- .const:ti_sysbios_heaps_HeapMem_Object__DESC__C
  00001270    00001270    00000020   00000020    r-- .const:ti_sysbios_knl_Clock_Object__DESC__C
  00001290    00001290    00000020   00000020    r-- .const:ti_sysbios_knl_Mailbox_Object__DESC__C
  000012b0    000012b0    00000020   00000020    r-- .const:ti_sysbios_knl_Queue_Object__DESC__C
  000012d0    000012d0    00000020   00000020    r-- .const:ti_sysbios_knl_Semaphore_Object__DESC__C
  000012f0    000012f0    00000020   00000020    r-- .const:ti_sysbios_knl_Swi_Object__DESC__C
  00001310    00001310    00000020   00000020    r-- .const:ti_sysbios_knl_Task_Object__DESC__C
  00001330    00001330    00000018   00000018    r-- .const:ti_sysbios_gates_GateHwi_Object__PARAMS__C
  00001348    00001348    00000018   00000018    r-- .const:ti_sysbios_gates_GateMutex_Object__PARAMS__C
  00001360    00001360    00000018   00000018    r-- .const:ti_sysbios_knl_Queue_Object__PARAMS__C
  00001378    00001378    00000008   00000008    r-- .const:ti_sysbios_knl_Idle_funcList__C
  00001384    00001384    00000004   00000004    r-- .const:ti_sysbios_family_arm_cc26xx_Timer_startupNeeded__C
  00001388    00001388    00000004   00000004    r-- .const:ti_sysbios_family_arm_m3_Hwi_E_alreadyDefined__C
  0000138c    0000138c    00000004   00000004    r-- .const:ti_sysbios_family_arm_m3_Hwi_E_hwiLimitExceeded__C
  00001390    00001390    00000004   00000004    r-- .const:ti_sysbios_family_arm_m3_Hwi_NUM_INTERRUPTS__C
  00001394    00001394    00000004   00000004    r-- .const:ti_sysbios_family_arm_m3_Hwi_Object__count__C
  00001398    00001398    00000004   00000004    r-- .const:ti_sysbios_family_arm_m3_Hwi_Object__table__C
  0000139c    0000139c    00000004   00000004    r-- .const:ti_sysbios_family_arm_m3_Hwi_ccr__C
  000013a0    000013a0    00000004   00000004    r-- .const:ti_sysbios_family_arm_m3_Hwi_excHandlerFunc__C
  000013a4    000013a4    00000004   00000004    r-- .const:ti_sysbios_family_arm_m3_Hwi_nullIsrFunc__C
  000013a8    000013a8    00000004   00000004    r-- .const:ti_sysbios_family_arm_m3_Hwi_numSparseInterrupts__C
  000013ac    000013ac    00000004   00000004    r-- .const:ti_sysbios_family_arm_m3_Hwi_priGroup__C
  000013b0    000013b0    00000004   00000004    r-- .const:ti_sysbios_family_arm_m3_TaskSupport_stackAlignment__C
  000013b4    000013b4    00000004   00000004    r-- .const:ti_sysbios_heaps_HeapMem_E_memory__C
  000013b8    000013b8    00000004   00000004    r-- .const:ti_sysbios_heaps_HeapMem_Module__gateObj__C
  000013bc    000013bc    00000004   00000004    r-- .const:ti_sysbios_heaps_HeapMem_Object__count__C
  000013c0    000013c0    00000004   00000004    r-- .const:ti_sysbios_heaps_HeapMem_Object__table__C
  000013c4    000013c4    00000004   00000004    r-- .const:ti_sysbios_heaps_HeapMem_reqAlign__C
  000013c8    000013c8    00000004   00000004    r-- .const:ti_sysbios_knl_Clock_serviceMargin__C
  000013cc    000013cc    00000004   00000004    r-- .const:ti_sysbios_knl_Mailbox_Object__count__C
  000013d0    000013d0    00000004   00000004    r-- .const:ti_sysbios_knl_Mailbox_Object__table__C
  000013d4    000013d4    00000004   00000004    r-- .const:ti_sysbios_knl_Mailbox_maxTypeAlign__C
  000013d8    000013d8    00000004   00000004    r-- .const:ti_sysbios_knl_Queue_Object__count__C
  000013dc    000013dc    00000004   00000004    r-- .const:ti_sysbios_knl_Queue_Object__table__C
  000013e0    000013e0    00000004   00000004    r-- .const:ti_sysbios_knl_Swi_Object__count__C
  000013e4    000013e4    00000004   00000004    r-- .const:ti_sysbios_knl_Swi_Object__table__C
  000013e8    000013e8    00000004   00000004    r-- .const:ti_sysbios_knl_Swi_numPriorities__C
  000013ec    000013ec    00000004   00000004    r-- .const:ti_sysbios_knl_Task_Object__count__C
  000013f0    000013f0    00000004   00000004    r-- .const:ti_sysbios_knl_Task_Object__table__C
  000013f4    000013f4    00000004   00000004    r-- .const:ti_sysbios_knl_Task_allBlockedFunc__C
  000013f8    000013f8    00000004   00000004    r-- .const:ti_sysbios_knl_Task_defaultStackHeap__C
  000013fc    000013fc    00000004   00000004    r-- .const:ti_sysbios_knl_Task_defaultStackSize__C
  00001400    00001400    00000004   00000004    r-- .const:ti_sysbios_knl_Task_numConstructedTasks__C
  00001406    00001406    00000002   00000002    r-- .const:ti_sysbios_family_arm_cc26xx_Timer_Module__id__C
  00001408    00001408    00000002   00000002    r-- .const:ti_sysbios_family_arm_cc26xx_TimestampProvider_useClockTimer__C
  0000140a    0000140a    00000002   00000002    r-- .const:ti_sysbios_family_arm_m3_Hwi_Module__id__C
  0000140c    0000140c    00000002   00000002    r-- .const:ti_sysbios_gates_GateHwi_Module__id__C
  0000140e    0000140e    00000002   00000002    r-- .const:ti_sysbios_gates_GateMutex_Module__id__C
  00001410    00001410    00000002   00000002    r-- .const:ti_sysbios_heaps_HeapMem_Module__id__C
  00001412    00001412    00000002   00000002    r-- .const:ti_sysbios_knl_Task_initStackFlag__C
  00001414    00001414    00000001   00000001    r-- .const:ti_sysbios_knl_Clock_tickMode__C
  00001418    00001418    00000008   00000008    r-- .const:xdc_runtime_Startup_firstFxns__C
  00001420    00001420    00000008   00000008    r-- .const:xdc_runtime_Startup_lastFxns__C
  00001428    00001428    00000004   00000004    r-- .const:xdc_runtime_Assert_E_assertFailed__C
  0000142c    0000142c    00000004   00000004    r-- .const:xdc_runtime_Error_E_memory__C
  00001430    00001430    00000004   00000004    r-- .const:xdc_runtime_Error_policyFxn__C
  00001434    00001434    00000004   00000004    r-- .const:xdc_runtime_IGateProvider_Interface__BASE__C
  00001438    00001438    00000004   00000004    r-- .const:xdc_runtime_IHeap_Interface__BASE__C
  0000143c    0000143c    00000004   00000004    r-- .const:xdc_runtime_IModule_Interface__BASE__C
  00001440    00001440    00000004   00000004    r-- .const:xdc_runtime_Main_Module__diagsEnabled__C
  00001444    00001444    00000004   00000004    r-- .const:xdc_runtime_Main_Module__diagsIncluded__C
  00001448    00001448    00000004   00000004    r-- .const:xdc_runtime_Main_Module__diagsMask__C
  0000144c    0000144c    00000004   00000004    r-- .const:xdc_runtime_Memory_defaultHeapInstance__C
  00001450    00001450    00000004   00000004    r-- .const:xdc_runtime_Startup_execImpl__C
  00001454    00001454    00000004   00000004    r-- .const:xdc_runtime_Startup_maxPasses__C
  00001458    00001458    00000004   00000004    r-- .const:xdc_runtime_Startup_sfxnRts__C
  0000145c    0000145c    00000004   00000004    r-- .const:xdc_runtime_Startup_sfxnTab__C
  00001460    00001460    00000004   00000004    r-- .const:xdc_runtime_Startup_startModsFxn__C
  00001464    00001464    00000004   00000004    r-- .const:xdc_runtime_SysCallback_abortFxn__C
  00001468    00001468    00000004   00000004    r-- .const:xdc_runtime_SysCallback_exitFxn__C
  0000146c    0000146c    00000004   00000004    r-- .const:xdc_runtime_System_abortFxn__C
  00001470    00001470    00000004   00000004    r-- .const:xdc_runtime_System_exitFxn__C
  00001474    00001474    00000004   00000004    r-- .const:xdc_runtime_System_maxAtexitHandlers__C
  00001478    00001478    00000004   00000004    r-- .const:xdc_runtime_Text_charTab__C
  0000147c    0000147c    00000004   00000004    r-- .const:xdc_runtime_Text_nameEmpty__C
  00001480    00001480    00000004   00000004    r-- .const:xdc_runtime_Text_nameStatic__C
  00001484    00001484    00000004   00000004    r-- .const:xdc_runtime_Text_nameUnknown__C
  00001488    00001488    00000002   00000002    r-- .const:xdc_runtime_Main_Module__id__C
  0000148a    0000148a    00000002   00000002    r-- .const:xdc_runtime_Memory_Module__id__C
  0000148c    0000148c    00000002   00000002    r-- .const:xdc_runtime_Text_charCnt__C
  0000148e    0000148e    00000002   00000002    r-- .const:xdc_runtime_Text_isLoaded__C
  00001490    00001490    00000001   00000001    r-- .const:xdc_runtime_Error_policy__C
  00001494    00001494    00000004   00000004    r-- .const:ti_sysbios_rom_ROM_AONRTCChannelEnable
  00001498    00001498    00000004   00000004    r-- .const:ti_sysbios_rom_ROM_AONRTCCompareValueSet
  0000149c    0000149c    00000004   00000004    r-- .const:ti_sysbios_rom_ROM_AONRTCCurrentCompareValueGet
  000014a0    000014a0    00000004   00000004    r-- .const:ti_sysbios_rom_ROM_AONRTCEventClear
  000014a4    000014a4    00000004   00000004    r-- .const:ti_sysbios_rom_ROM_ti_sysbios_family_arm_cc26xx_Timer_getCount64__E
  000014a8    000014a8    00000004   00000004    r-- .const:ti_sysbios_rom_ROM_ti_sysbios_family_arm_cc26xx_Timer_getCurrentTick__E
  000014ac    000014ac    00000004   00000004    r-- .const:ti_sysbios_rom_ROM_ti_sysbios_family_arm_cc26xx_Timer_getMaxTicks__E
  000014b0    000014b0    00000004   00000004    r-- .const:ti_sysbios_rom_ROM_ti_sysbios_family_arm_cc26xx_Timer_initDevice__I
  000014b4    000014b4    00000004   00000004    r-- .const:ti_sysbios_rom_ROM_ti_sysbios_family_arm_cc26xx_Timer_setNextTick__E
  000014b8    000014b8    00000004   00000004    r-- .const:ti_sysbios_rom_ROM_ti_sysbios_family_arm_cc26xx_Timer_setThreshold__I
  000014bc    000014bc    00000004   00000004    r-- .const:ti_sysbios_rom_ROM_ti_sysbios_family_arm_cc26xx_Timer_start__E
  000014c0    000014c0    00000004   00000004    r-- .const:ti_sysbios_rom_ROM_ti_sysbios_family_arm_cc26xx_TimestampProvider_get32__E
  000014c4    000014c4    00000004   00000004    r-- .const:ti_sysbios_rom_ROM_xdc_runtime_Startup_getState__I
  000014c8    000014c8    00000004   00000004    r-- .const:ti_sysbios_rom_ROM_xdc_runtime_System_SupportProxy_abort__E
  000014cc    000014cc    00000004   00000004    r-- .const:ti_sysbios_rom_ROM_xdc_runtime_System_SupportProxy_exit__E
  000014d0    000014d0    00000004   00000004    r-- .const:ti_sysbios_gates_GateMutex_Instance_State_sem__O
  000014d4    000014d4    00000004   00000004    r-- .const:ti_sysbios_knl_Clock_Module_State_clockQ__O
  000014d8    000014d8    00000004   00000004    r-- .const:ti_sysbios_knl_Mailbox_Instance_State_dataQue__O
  000014dc    000014dc    00000004   00000004    r-- .const:ti_sysbios_knl_Mailbox_Instance_State_dataSem__O
  000014e0    000014e0    00000004   00000004    r-- .const:ti_sysbios_knl_Mailbox_Instance_State_freeQue__O
  000014e4    000014e4    00000004   00000004    r-- .const:ti_sysbios_knl_Mailbox_Instance_State_freeSem__O
  000014e8    000014e8    00000004   00000004    r-- .const:ti_sysbios_knl_Semaphore_Instance_State_pendQ__O
  000014ec    000014ec    00000004   00000004    r-- .const:ti_sysbios_knl_Task_Module_State_inactiveQ__O
  000014f0    000014f0    00007fd4   00007fd4    r-x .text
  000094c4    000094c4    000039d2   000039d2    r-- .const
0001ffa8    0001ffa8    00000058   00000058    r--
  0001ffa8    0001ffa8    00000058   00000058    r-- .ccfg
20000100    20000100    00002aa3   00000000    rw-
  20000100    20000100    00000044   00000000    rw- .data:ti_sysbios_knl_Task_Module__state__V
  20000144    20000144    00000034   00000000    rw- .data:ti_sysbios_family_arm_m3_Hwi_Module__state__V
  20000178    20000178    0000002c   00000000    rw- .data:ti_sysbios_knl_Clock_Module__state__V
  200001a4    200001a4    00000024   00000000    rw- .data:ti_sysbios_BIOS_Module__state__V
  200001c8    200001c8    0000001c   00000000    rw- .data:ti_sysbios_knl_Swi_Module__state__V
  200001e4    200001e4    00000008   00000000    rw- .data:ti_sysbios_family_arm_cc26xx_Timer_Module__state__V
  200001ec    200001ec    00000004   00000000    rw- .data:ti_sysbios_family_arm_cc26xx_TimestampProvider_Module__state__V
  200001f0    200001f0    00000008   00000000    rw- .data:xdc_runtime_Startup_Module__state__V
  200001f8    200001f8    00000008   00000000    rw- .data:xdc_runtime_System_Module__state__V
  20000200    20000200    00000004   00000000    rw- .data:xdc_runtime_Memory_Module__state__V
  20000208    20000208    000020bb   00000000    rw- .bss
  200022c8    200022c8    000008db   00000000    rw- .data
20004d00    20004d00    00000300   00000000    rw-
  20004d00    20004d00    00000300   00000000    rw- .stack


SECTION ALLOCATION MAP

 output                                  attributes/
section   page    origin      length       input sections
--------  ----  ----------  ----------   ----------------
.text      0    000014f0    00007fd4     
                  000014f0    000003b8     rf_singleMode_cc13xxware.aem3 : RFCC26XX_singleMode.oem3 (.text:fsmActiveState)
                  000018a8    00000348     EasyLink.obj (.text:EasyLink_init)
                  00001bf0    0000033c     rom_sysbios.aem3 : rom_sysbios.obj (.text:xdc_runtime_System_doPrint__I)
                  00001f2c    00000228     driverlib.lib : sys_ctrl.obj (.text:NOROM_SysCtrlSetRechargeBeforePowerDown)
                  00002154    00000228     drivers_cc13xxware.aem3 : PowerCC26XX.oem3 (.text:Power_sleep)
                  0000237c    000001ec                             : PowerCC26XX_calibrateRCOSC.oem3 (.text:calibrateRcoscHf1)
                  00002568    000001dc     rf_singleMode_cc13xxware.aem3 : RFCC26XX_singleMode.oem3 (.text:RF_postCmd)
                  00002744    000001d4     NodeRadioTask.obj (.text:nodeRadioTaskFunction)
                  00002918    000001c4     drivers_cc13xxware.aem3 : PINCC26XX.oem3 (.text:PIN_init)
                  00002adc    000001a0                             : PowerCC26XX_calibrateRCOSC.oem3 (.text:PowerCC26XX_doCalibrate)
                  00002c7c    00000188     EasyLink.obj (.text:rxDoneCallback)
                  00002e04    00000170     EasyLink.obj (.text:EasyLink_receiveAsync)
                  00002f74    00000168     rf_singleMode_cc13xxware.aem3 : RFCC26XX_singleMode.oem3 (.text:fsmSetupState)
                  000030dc    00000168     NodeTask.obj (.text:nodeTaskFunction)
                  00003244    00000160     EasyLink.obj (.text:enableTestMode)
                  000033a4    00000150     smartrf_settings_predefined.obj (.text:rf_patch_mce_genook)
                  000034f4    00000140     Sensor.obj (.text:InitSensors)
                  00003634    0000013c     EasyLink.obj (.text:EasyLink_transmit)
                  00003770    00000136     rtsv7M3_T_le_eabi.lib : fd_div_t2.asm.obj (.text)
                  000038a6    00000002                           : _lock.c.obj (.text:_nop)
                  000038a8    00000130     driverlib.lib : setup_rom.obj (.text:NOROM_SetupAfterColdResetWakeupFromShutDownCfg3)
                  000039d8    0000012c     drivers_cc13xxware.aem3 : PowerCC26XX.oem3 (.text:Power_init)
                  00003b04    00000128     rf_singleMode_cc13xxware.aem3 : RFCC26XX_singleMode.oem3 (.text:rf_init)
                  00003c2c    00000128     smartrf_settings.obj (.text:rf_patch_rfe_genfsk)
                  00003d54    00000128     smartrf_settings_predefined.obj (.text:rf_patch_rfe_genfsk)
                  00003e7c    00000128     smartrf_settings_predefined.obj (.text:rf_patch_rfe_lrm)
                  00003fa4    00000118     rf_singleMode_cc13xxware.aem3 : RFCC26XX_singleMode.oem3 (.text:hwiFxnCpe0Active)
                  000040bc    00000114     smartrf_settings_predefined.obj (.text:rf_patch_mce_hsp_4mbps)
                  000041d0    00000114     Sensor.obj (.text:timerCallback)
                  000042e4    00000108     rf_singleMode_cc13xxware.aem3 : RFCC26XX_singleMode.oem3 (.text:RF_close)
                  000043ec    00000100     scif_framework.obj (.text:scifInit)
                  000044ec    000000f8     drivers_cc13xxware.aem3 : I2CCC26XX.oem3 (.text:I2CCC26XX_open)
                  000045e4    000000f8     main_pem3.oem3 (.text:xdc_runtime_System_printfExtend__I)
                  000046dc    000000f0     driverlib.lib : setup_rom.obj (.text:NOROM_SetupAfterColdResetWakeupFromShutDownCfg2)
                  000047cc    000000e8     drivers_cc13xxware.aem3 : I2CCC26XX.oem3 (.text:I2CCC26XX_hwiFxn)
                  000048b4    000000e8     rom_sysbios.aem3 : rom_sysbios.obj (.text:ti_sysbios_knl_Event_pend__E)
                  0000499c    000000e0     drivers_cc13xxware.aem3 : PINCC26XX.oem3 (.text:PINCC26XX_setIoCfg)
                  00004a7c    000000e0     scif_framework.obj (.text:scifCtrlTasksNbl)
                  00004b5c    000000d8     EasyLink.obj (.text:EasyLink_enableRxAddrFilter)
                  00004c34    000000d8     driverlib.lib : rfc.obj (.text:NOROM_RFCRTrim)
                  00004d0c    000000d8     smartrf_settings_predefined.obj (.text:rf_patch_rfe_genook)
                  00004de4    000000d8     smartrf_settings_predefined.obj (.text:rf_patch_rfe_hsp_4mbps)
                  00004ebc    000000d4     driverlib.lib : rfc.obj (.text:NOROM_RFCRfTrimRead)
                  00004f90    000000d4     power_cc13xx_tirtos.aem3 : PowerCC26XX_tirtos.oem3 (.text:PowerCC26XX_standbyPolicy)
                  00005064    000000d4     drivers_cc13xxware.aem3 : PowerCC26XX.oem3 (.text:Power_releaseDependency)
                  00005138    000000d4     Sensor.obj (.text:fetchSensorData)
                  0000520c    000000d0     drivers_cc13xxware.aem3 : PowerCC26XX.oem3 (.text:Power_setDependency)
                  000052dc    000000cc     rf_singleMode_cc13xxware.aem3 : RFCC26XX_singleMode.oem3 (.text:RF_open)
                  000053a8    000000c6     Sensor.obj (.text:Array_sort)
                  0000546e    00000002     SceAdc.obj (.text:ctrlReadyCallback)
                  00005470    000000c4     rf_singleMode_cc13xxware.aem3 : RFCC26XX_singleMode.oem3 (.text:fsmPowerUpState)
                  00005534    000000c2     drivers_cc13xxware.aem3 : I2CCC26XX.oem3 (.text:I2CCC26XX_transfer)
                  000055f6    00000002     rf_singleMode_cc13xxware.aem3 : RFCC26XX_singleMode.oem3 (.text:defaultErrCb)
                  000055f8    000000c0     EasyLink.obj (.text:EasyLink_setCtrl)
                  000056b8    000000c0     driverlib.lib : setup.obj (.text:TrimAfterColdResetWakeupFromShutDown)
                  00005778    000000c0     NodeRadioTask.obj (.text:sendDmPacket)
                  00005838    000000ac     NodeRadioTask.obj (.text:NodeRadioTask_init)
                  000058e4    000000a8     driverlib.lib : setup.obj (.text:NOROM_SetupTrimDevice)
                  0000598c    000000a4                   : setup_rom.obj (.text:NOROM_SetupAfterColdResetWakeupFromShutDownCfg1)
                  00005a30    000000a0     auto_init.aem3 : auto_init.oem3 (.text)
                  00005ad0    0000009e     rom_sysbios.aem3 : rom_sysbios.obj (.text:xdc_runtime_Text_putSite__E)
                  00005b6e    00000002     drivers_cc13xxware.aem3 : PowerCC26XX.oem3 (.text:emptyClockFunc)
                  00005b70    0000009c     Sensor.obj (.text:HDC_readData)
                  00005c0c    0000009c     rtsv7M3_T_le_eabi.lib : memcpy_t2.asm.obj (.text)
                  00005ca8    00000098     NodeTask.obj (.text:NodeTask_init)
                  00005d40    00000098     rom_sysbios.aem3 : rom_sysbios.obj (.text:ti_sysbios_knl_Clock_workFuncDynamic__E)
                  00005dd8    00000096     rtsv7M3_T_le_eabi.lib : ull_div_t2.asm.obj (.text)
                  00005e6e    00000002     smartrf_settings.obj (.text:enterGenfskSysPatch)
                  00005e70    00000094     drivers_cc13xxware.aem3 : PINCC26XX.oem3 (.text:PIN_open)
                  00005f04    00000094     rom_sysbios.aem3 : rom_sysbios.obj (.text:xdc_runtime_Text_putMod__E)
                  00005f98    00000090     drivers_cc13xxware.aem3 : I2CCC26XX.oem3 (.text:I2CCC26XX_cancel)
                  00006028    00000090                             : PowerCC26XX.oem3 (.text:switchXOSCHFclockFunc)
                  000060b8    0000008c                             : GPTimerCC26XX.oem3 (.text:GPTimerCC26XX_open)
                  00006144    0000008c                             : I2CCC26XX.oem3 (.text:I2CCC26XX_primeTransfer)
                  000061d0    0000008c                             : PowerCC26XX.oem3 (.text:disableLFClockQualifiers)
                  0000625c    0000008c     scif_framework.obj (.text:scifInitIo)
                  000062e8    00000088     drivers_cc13xxware.aem3 : PowerCC26XX_calibrateRCOSC.oem3 (.text:calibrateRcoscHf2)
                  00006370    00000084     rf_singleMode_cc13xxware.aem3 : RFCC26XX_singleMode.oem3 (.text:swiFxnHw)
                  000063f4    00000080                                   : RFCC26XX_singleMode.oem3 (.text:RF_pendCmd)
                  00006474    0000007a     rtsv7M3_T_le_eabi.lib : memset_t2.asm.obj (.text)
                  000064ee    00000002     smartrf_settings_predefined.obj (.text:enterGenfskSysPatch)
                  000064f0    00000074     driverlib.lib : setup_rom.obj (.text:NOROM_SetupSetVddrLevel)
                  00006564    00000074     drivers_cc13xxware.aem3 : PowerCC26XX_calibrateRCOSC.oem3 (.text:PowerCC26XX_auxISR)
                  000065d8    00000074     rf_singleMode_cc13xxware.aem3 : RFCC26XX_singleMode.oem3 (.text:decActiveClientCnt)
                  0000664c    00000074                                   : RFCC26XX_singleMode.oem3 (.text:fsmPowerDownState)
                  000066c0    00000074     NodeRadioTask.obj (.text:resendPacket)
                  00006734    00000074     rom_sysbios.aem3 : rom_sysbios.obj (.text:ti_sysbios_family_arm_cc26xx_Timer_start__E)
                  000067a8    00000070     driverlib.lib : chipinfo.obj (.text:NOROM_ChipInfo_GetHwRevision)
                  00006818    00000070     scif_framework.obj (.text:scifGetTaskStruct)
                  00006888    00000070     rom_sysbios.aem3 : rom_sysbios.obj (.text:ti_sysbios_knl_Event_post__E)
                  000068f8    0000006d                      : rom_sysbios.obj (.text:xdc_runtime_System_formatNum__I)
                  00006965    00000001     --HOLE-- [fill = 0]
                  00006966    00000002     smartrf_settings_predefined.obj (.text:enterGenookSysPatch)
                  00006968    0000006c     Sensor.obj (.text:BMP_readData)
                  000069d4    0000006c     driverlib.lib : setup_rom.obj (.text:NOROM_SetupGetTrimForAmpcompCtrl)
                  00006a40    0000006c     drivers_cc13xxware.aem3 : PowerCC26XX.oem3 (.text:PowerCC26XX_calibrate)
                  00006aac    00000068     Sensor.obj (.text:Find_median)
                  00006b14    00000068     driverlib.lib : setup_rom.obj (.text:NOROM_SetupGetTrimForAnabypassValue1)
                  00006b7c    00000068                   : sys_ctrl.obj (.text:NOROM_SysCtrl_DCDC_VoltageConditionalControl)
                  00006be4    00000068     rf_singleMode_cc13xxware.aem3 : RFCC26XX_singleMode.oem3 (.text:RF_getCurrentTime)
                  00006c4c    00000068     rtsv7M3_T_le_eabi.lib : copy_decompress_lzss.c.obj (.text:decompress:lzss:__TI_decompress_lzss)
                  00006cb4    00000064     drivers_cc13xxware.aem3 : I2CCC26XX.oem3 (.text:I2CCC26XX_close)
                  00006d18    00000064                             : I2CCC26XX.oem3 (.text:I2CCC26XX_initIO)
                  00006d7c    00000064     driverlib.lib : osc.obj (.text:NOROM_OSCHF_AttemptToSwitchToXosc)
                  00006de0    00000060     drivers_cc13xxware.aem3 : GPTimerCC26XX.oem3 (.text:GPTimerCC26XX_registerInterrupt)
                  00006e40    00000060     driverlib.lib : osc.obj (.text:NOROM_OSCClockSourceSet)
                  00006ea0    00000060     drivers_cc13xxware.aem3 : PowerCC26XX_calibrateRCOSC.oem3 (.text:PowerCC26XX_RCOSC_clockFunc)
                  00006f00    00000060     rf_singleMode_cc13xxware.aem3 : RFCC26XX_singleMode.oem3 (.text:fsmXOSCState)
                  00006f60    00000060     drivers_cc13xxware.aem3 : PowerCC26XX_calibrateRCOSC.oem3 (.text:updateSubSecInc)
                  00006fc0    0000005c     driverlib.lib : sys_ctrl.obj (.text:NOROM_SysCtrlAdjustRechargeAfterPowerDown)
                  0000701c    0000005c     NodeRadioTask.obj (.text:NodeRadioTask_sendAdcData)
                  00007078    0000005c     drivers_cc13xxware.aem3 : PINCC26XX.oem3 (.text:PIN_remove)
                  000070d4    0000005c     smartrf_settings.obj (.text:configureGenfskPatch)
                  00007130    0000005c     smartrf_settings_predefined.obj (.text:configureGenfskPatch)
                  0000718c    0000005c     smartrf_settings_predefined.obj (.text:configureGenookPatch)
                  000071e8    0000005c     smartrf_settings_predefined.obj (.text:configureLrmPatch)
                  00007244    0000005c     main_pem3.oem3 (.text:xdc_runtime_Startup_getState__I)
                  000072a0    0000005b     rom_sysbios.aem3 : rom_sysbios.obj (.text:xdc_runtime_Text_putLab__E)
                  000072fb    00000001     --HOLE-- [fill = 0]
                  000072fc    00000058     drivers_cc13xxware.aem3 : GPTimerCC26XX.oem3 (.text:GPTimerCC26XX_stop)
                  00007354    00000058     rtsv7M3_T_le_eabi.lib : hostwrite.c.obj (.text:HOSTwrite)
                  000073ac    00000058     drivers_cc13xxware.aem3 : I2CCC26XX.oem3 (.text:I2CCC26XX_swiFxn)
                  00007404    00000058                             : PowerCC26XX_calibrateRCOSC.oem3 (.text:PowerCC26XX_initiateCalibration)
                  0000745c    00000058     NodeRadioTask.obj (.text:rxDoneCallback)
                  000074b4    00000058     scif_framework.obj (.text:scifReinitIo)
                  0000750c    00000058     scif_framework.obj (.text:scifUninitIo)
                  00007564    00000054     SceAdc.obj (.text:SceAdc_init)
                  000075b8    00000054     drivers_cc13xxware.aem3 : PowerCC26XX.oem3 (.text:configureXOSCHF)
                  0000760c    00000054     rf_singleMode_cc13xxware.aem3 : RFCC26XX_singleMode.oem3 (.text:hwiFxnHw)
                  00007660    00000054                                   : RFCC26XX_singleMode.oem3 (.text:ratChanFree)
                  000076b4    00000050     Sensor.obj (.text:I2C_send)
                  00007704    00000050     driverlib.lib : setup_rom.obj (.text:NOROM_SetupSetCacheModeAccordingToCcfgSetting)
                  00007754    00000050     rf_singleMode_cc13xxware.aem3 : RFCC26XX_singleMode.oem3 (.text:dispatchOpWhen)
                  000077a4    00000050                                   : RFCC26XX_singleMode.oem3 (.text:syncCb)
                  000077f4    0000004c     drivers_cc13xxware.aem3 : GPTimerCC26XX.oem3 (.text:GPTimerCC26XX_start)
                  00007840    0000004c     rf_singleMode_cc13xxware.aem3 : RFCC26XX_singleMode.oem3 (.text:applyRfCorePatch)
                  0000788c    0000004c     rtsv7M3_T_le_eabi.lib : cpy_tbl.c.obj (.text:copy_in)
                  000078d8    00000048     drivers_cc13xxware.aem3 : GPTimerCC26XX.oem3 (.text:GPTimerCC26XXHwiFxn)
                  00007920    00000048                             : I2CCC26XX.oem3 (.text:I2CCC26XX_initHw)
                  00007968    00000048     driverlib.lib : chipinfo.obj (.text:NOROM_ChipInfo_GetChipFamily)
                  000079b0    00000048     drivers_cc13xxware.aem3 : PINCC26XX.oem3 (.text:PIN_swi)
                  000079f8    00000048     rf_singleMode_cc13xxware.aem3 : RFCC26XX_singleMode.oem3 (.text:RF_runCmd)
                  00007a40    00000048     drivers_cc13xxware.aem3 : PowerCC26XX.oem3 (.text:notify)
                  00007a88    00000044     boot.aem3 : boot.oem3 (.text)
                  00007acc    00000044     main.obj (.text:main)
                  00007b10    00000044     rtsv7M3_T_le_eabi.lib : fd_tou_t2.asm.obj (.text)
                  00007b54    00000044     scif.obj (.text:scifStartRtcTicks)
                  00007b98    00000044     rom_sysbios.aem3 : rom_sysbios.obj (.text:xdc_runtime_SysMin_flush__E)
                  00007bdc    00000044                      : rom_sysbios.obj (.text:xdc_runtime_Text_xprintf__I)
                  00007c20    00000040     rtsv7M3_T_le_eabi.lib : u_divt2.asm.obj (.text)
                  00007c60    00000040     scif.obj (.text:scifStartRtcTicksNow)
                  00007ca0    0000003c     driverlib.lib : osc.obj (.text:NOROM_OSC_HPOSCRelativeFrequencyOffsetGet)
                  00007cdc    0000003c                   : rfc.obj (.text:NOROM_RFCSynthPowerDown)
                  00007d18    0000003c     drivers_cc13xxware.aem3 : PINCC26XX.oem3 (.text:PIN_setOutputValue)
                  00007d54    00000038                             : I2C.oem3 (.text:I2C_init)
                  00007d8c    00000038     rtsv7M3_T_le_eabi.lib : trgmsg.c.obj (.text:__TI_writemsg)
                  00007dc4    00000038     rom_sysbios.aem3 : rom_sysbios.obj (.text:ti_sysbios_family_arm_cc26xx_Timer_getCurrentTick__E)
                  00007dfc    00000038                      : rom_sysbios.obj (.text:xdc_runtime_SysMin_putch__E)
                  00007e34    00000036                      : rom_sysbios.obj (.text:ti_sysbios_family_arm_cc26xx_Timer_setNextTick__E)
                  00007e6a    00000036     rf_singleMode_cc13xxware.aem3 : RFCC26XX_singleMode.oem3 (.text:updateImplicitState)
                  00007ea0    00000034     drivers_cc13xxware.aem3 : GPTimerCC26XX.oem3 (.text:GPTimerCC26XXSetLoadMatch)
                  00007ed4    00000034                             : GPTimerCC26XX.oem3 (.text:GPTimerCC26XX_initHw)
                  00007f08    00000034     driverlib.lib : osc.obj (.text:NOROM_OSCHF_SwitchToRcOscTurnOffXosc)
                  00007f3c    00000034     drivers_cc13xxware.aem3 : PINCC26XX.oem3 (.text:PIN_setConfig)
                  00007f70    00000034     rf_singleMode_cc13xxware.aem3 : RFCC26XX_singleMode.oem3 (.text:Q_push)
                  00007fa4    00000034     rtsv7M3_T_le_eabi.lib : trgmsg.c.obj (.text:__TI_readmsg)
                  00007fd8    00000034     NodeTask.obj (.text:buttonCallback)
                  0000800c    00000034     scif_framework.obj (.text:scifAckAlertEvents)
                  00008040    00000034     SceAdc.obj (.text:taskAlertCallback)
                  00008074    00000034     rom_sysbios.aem3 : rom_sysbios.obj (.text:ti_sysbios_family_arm_cc26xx_Timer_initDevice__I)
                  000080a8    00000030     drivers_cc13xxware.aem3 : I2C.oem3 (.text:I2C_open)
                  000080d8    00000030     driverlib.lib : chipinfo.obj (.text:NOROM_ChipInfo_GetChipType)
                  00008108    00000030                   : setup_rom.obj (.text:NOROM_SetupSetAonRtcSubSecInc)
                  00008138    00000030     drivers_cc13xxware.aem3 : PowerCC26XX.oem3 (.text:Power_releaseConstraint)
                  00008168    00000030                             : PowerCC26XX.oem3 (.text:Power_setConstraint)
                  00008198    00000030     rf_singleMode_cc13xxware.aem3 : RFCC26XX_singleMode.oem3 (.text:clkPowerUpFxn)
                  000081c8    00000030     scif_framework.obj (.text:osalRegisterCtrlReadyInt)
                  000081f8    00000030     scif_framework.obj (.text:osalRegisterTaskAlertInt)
                  00008228    00000030     main_pem3.oem3 (.text:ti_sysbios_BIOS_atExitFunc__I)
                  00008258    00000030     main_pem3.oem3 (.text:ti_sysbios_BIOS_startFunc__I)
                  00008288    00000030     rom_sysbios.aem3 : rom_sysbios.obj (.text:ti_sysbios_family_arm_cc26xx_Timer_setThreshold__I)
                  000082b8    00000030                      : rom_sysbios.obj (.text:xdc_runtime_SysMin_abort__E)
                  000082e8    0000002f                      : rom_sysbios.obj (.text:xdc_runtime_Text_printVisFxn__I)
                  00008317    00000001     --HOLE-- [fill = 0]
                  00008318    0000002c     drivers_cc13xxware.aem3 : GPTimerCC26XX.oem3 (.text:GPTimerCC26XX_getTimerValue)
                  00008344    0000002c     driverlib.lib : ddi.obj (.text:NOROM_DDI32RegWrite)
                  00008370    0000002c                   : osc.obj (.text:NOROM_OSCClockSourceGet)
                  0000839c    0000002c                   : setup_rom.obj (.text:NOROM_SetupGetTrimForRadcExtCfg)
                  000083c8    0000002c     drivers_cc13xxware.aem3 : PINCC26XX.oem3 (.text:PINCC26XX_setMux)
                  000083f4    0000002c     EasyLink.obj (.text:asyncCmdCallback)
                  00008420    0000002c     rf_singleMode_cc13xxware.aem3 : RFCC26XX_singleMode.oem3 (.text:getCmd)
                  0000844c    0000002c     scif_framework.obj (.text:osalLockCtrlTaskNbl)
                  00008478    0000002c     rom_sysbios.aem3 : rom_sysbios.obj (.text:ti_sysbios_knl_Clock_getTicksUntilInterrupt__E)
                  000084a4    0000002c     main_pem3.oem3 (.text:ti_sysbios_knl_Event_construct)
                  000084d0    0000002c     rom_sysbios.aem3 : rom_sysbios.obj (.text:ti_sysbios_knl_Event_pendTimeout__I)
                  000084fc    0000002a     drivers_cc13xxware.aem3 : GPTimerCC26XX.oem3 (.text:GPTimerCC26XXLookupMask)
                  00008526    0000002a     rom_sysbios.aem3 : rom_sysbios.obj (.text:xdc_runtime_System_putchar__I)
                  00008550    00000028     drivers_cc13xxware.aem3 : GPTimerCC26XX.oem3 (.text:GPTimerCC26XX_configureDebugStall)
                  00008578    00000028     driverlib.lib : aon_batmon.obj (.text:NOROM_AONBatMonTemperatureGetDegC)
                  000085a0    00000028     drivers_cc13xxware.aem3 : PowerCC26XX.oem3 (.text:Power_registerNotify)
                  000085c8    00000028     rf_singleMode_cc13xxware.aem3 : RFCC26XX_singleMode.oem3 (.text:Q_end)
                  000085f0    00000028     driverlib.lib : adi.obj (.text:SafeHapiVoid)
                  00008618    00000026     drivers_cc13xxware.aem3 : List.oem3 (.text:List_put)
                  0000863e    00000024                             : GPTimerCC26XX.oem3 (.text:GPTimerCC26XXReverseLookupMask)
                  00008662    00000002     smartrf_settings_predefined.obj (.text:enterLrmSysPatch)
                  00008664    00000024     drivers_cc13xxware.aem3 : GPTimerCC26XX.oem3 (.text:GPTimerCC26XX_enableInterrupt)
                  00008688    00000024                             : PINCC26XX.oem3 (.text:PINCC26XX_getPinCount)
                  000086ac    00000024     SceAdc.obj (.text:SceAdc_setReportInterval)
                  000086d0    00000024     NodeTask.obj (.text:adcCallback)
                  000086f4    00000024     drivers_cc13xxware.aem3 : PowerCC26XX_calibrateRCOSC.oem3 (.text:getTdcSemaphore)
                  00008718    00000024     rf_singleMode_cc13xxware.aem3 : RFCC26XX_singleMode.oem3 (.text:hwiFxnCpe0PowerFsm)
                  0000873c    00000024     scif_framework.obj (.text:osalIndicateCtrlReady)
                  00008760    00000024     scif_framework.obj (.text:scifOsalInit)
                  00008784    00000024     main_pem3.oem3 (.text:ti_sysbios_BIOS_registerRTSLock__I)
                  000087a8    00000024     main_pem3.oem3 (.text:ti_sysbios_BIOS_removeRTSLock__I)
                  000087cc    00000024     rom_sysbios.aem3 : rom_sysbios.obj (.text:ti_sysbios_family_arm_cc26xx_Timer_getMaxTicks__E)
                  000087f0    00000024                      : rom_sysbios.obj (.text:xdc_runtime_System_vprintf__E)
                  00008814    00000022     main_pem3.oem3 (.text:xdc_runtime_SysMin_output__I)
                  00008836    00000002     rtsv7M3_T_le_eabi.lib : div0.asm.obj (.text)
                  00008838    00000020     driverlib.lib : rfc.obj (.text:NOROM_RFCAdi3VcoLdoVoltageMode)
                  00008858    00000020                   : rfc.obj (.text:NOROM_RFCDoorbellSendTo)
                  00008878    00000020                   : setup_rom.obj (.text:NOROM_SetupGetTrimForXoscHfCtl)
                  00008898    00000020     drivers_cc13xxware.aem3 : PowerCC26XX.oem3 (.text:Power_unregisterNotify)
                  000088b8    00000020     rf_singleMode_cc13xxware.aem3 : RFCC26XX_singleMode.oem3 (.text:allocCmd)
                  000088d8    00000020     NodeRadioTask.obj (.text:returnRadioOperationStatus)
                  000088f8    00000020     rtsv7M3_T_le_eabi.lib : u_tofd_t2.asm.obj (.text)
                  00008918    00000020     main_pem3.oem3 (.text:ti_sysbios_BIOS_rtsLock__I)
                  00008938    00000020     rom_sysbios.aem3 : rom_sysbios.obj (.text:ti_sysbios_family_arm_cc26xx_Timer_dynamicStub__E)
                  00008958    00000020                      : rom_sysbios.obj (.text:ti_sysbios_knl_Clock_stop__E)
                  00008978    00000020                      : rom_sysbios.obj (.text:ti_sysbios_knl_Event_checkEvents__I)
                  00008998    00000020                      : rom_sysbios.obj (.text:xdc_runtime_SysMin_Module_startup__E)
                  000089b8    0000001e     drivers_cc13xxware.aem3 : PINCC26XX.oem3 (.text:PIN_close)
                  000089d6    0000001e                             : PowerCC26XX.oem3 (.text:Power_getTransitionLatency)
                  000089f4    0000001c     driverlib.lib : setup_rom.obj (.text:NOROM_SetupGetTrimForAmpcompTh2)
                  00008a10    0000001c                   : setup_rom.obj (.text:NOROM_SetupGetTrimForRcOscLfRtuneCtuneTrim)
                  00008a2c    0000001c     drivers_cc13xxware.aem3 : PINCC26XX.oem3 (.text:PINCC26XX_setIoCfgMux)
                  00008a48    0000001c                             : PINCC26XX.oem3 (.text:PIN_hwi)
                  00008a64    0000001c     smartrf_settings.obj (.text:enterGenfskCpePatch)
                  00008a80    0000001c     smartrf_settings_predefined.obj (.text:enterGenfskCpePatch)
                  00008a9c    0000001c     smartrf_settings_predefined.obj (.text:enterGenookCpePatch)
                  00008ab8    0000001c     smartrf_settings_predefined.obj (.text:enterLrmCpePatch)
                  00008ad4    0000001c     rom_sysbios.aem3 : rom_sysbios.obj (.text:ti_sysbios_family_arm_m3_Hwi_clearInterrupt__E)
                  00008af0    0000001c                      : rom_sysbios.obj (.text:xdc_runtime_Registry_findById__E)
                  00008b0c    0000001c                      : rom_sysbios.obj (.text:xdc_runtime_SysMin_exit__E)
                  00008b28    0000001a     drivers_cc13xxware.aem3 : List.oem3 (.text:List_remove)
                  00008b42    0000001a     rom_sysbios.aem3 : rom_sysbios_config.obj (.text:xdc_runtime_System_printf__E)
                  00008b5c    00000018     driverlib.lib : aon_rtc.obj (.text:NOROM_AONRTCCurrentCompareValueGet)
                  00008b74    00000018                   : chipinfo.obj (.text:NOROM_ChipInfo_GetPackageType)
                  00008b8c    00000018                   : osc.obj (.text:NOROM_OSCHF_TurnOnXosc)
                  00008ba4    00000018                   : rfc.obj (.text:NOROM_RFCCpeIntGetAndClear)
                  00008bbc    00000018                   : setup_rom.obj (.text:NOROM_SetupGetTrimForAdcShModeEn)
                  00008bd4    00000018                   : setup_rom.obj (.text:NOROM_SetupGetTrimForAdcShVbufEn)
                  00008bec    00000018                   : setup_rom.obj (.text:NOROM_SetupGetTrimForAmpcompTh1)
                  00008c04    00000018                   : setup_rom.obj (.text:NOROM_SetupGetTrimForDblrLoopFilterResetVoltage)
                  00008c1c    00000018                   : setup_rom.obj (.text:NOROM_SetupGetTrimForRcOscLfIBiasTrim)
                  00008c34    00000018                   : setup_rom.obj (.text:NOROM_SetupGetTrimForXoscLfRegulatorAndCmirrwrRatio)
                  00008c4c    00000018     drivers_cc13xxware.aem3 : PowerCC26XX.oem3 (.text:Power_idleFunc)
                  00008c64    00000018     rf_singleMode_cc13xxware.aem3 : RFCC26XX_singleMode.oem3 (.text:Q_pop)
                  00008c7c    00000018     rtsv7M3_T_le_eabi.lib : args_main.c.obj (.text:_args_main)
                  00008c94    00000018     drivers_cc13xxware.aem3 : PowerCC26XX.oem3 (.text:configureRFCoreClocks)
                  00008cac    00000018     rtsv7M3_T_le_eabi.lib : ll_mul_t2.asm.obj (.text)
                  00008cc4    00000018     scif_framework.obj (.text:scifClearAlertIntSource)
                  00008cdc    00000018     rf_singleMode_cc13xxware.aem3 : RFCC26XX_singleMode.oem3 (.text:swiFxnFsm)
                  00008cf4    00000018     main_pem3.oem3 (.text:ti_sysbios_BIOS_rtsUnlock__I)
                  00008d0c    00000018     rom_sysbios.aem3 : rom_sysbios.obj (.text:ti_sysbios_knl_Swi_or__E)
                  00008d24    00000016     driverlib.lib : chipinfo.obj (.text:NOROM_ThisCodeIsBuiltForCC13xxHwRev20AndLater_HaltIfViolated)
                  00008d3a    00000016     main_pem3.oem3 (.text:ti_sysbios_BIOS_exitFunc__I)
                  00008d50    00000016     scif_framework.obj (.text:ti_sysbios_family_arm_m3_Hwi_Params_init)
                  00008d66    00000016     NodeRadioTask.obj (.text:ti_sysbios_knl_Event_Params_init)
                  00008d7c    00000016     NodeTask.obj (.text:ti_sysbios_knl_Event_Params_init)
                  00008d92    00000016     EasyLink.obj (.text:ti_sysbios_knl_Semaphore_Params_init)
                  00008da8    00000016     NodeRadioTask.obj (.text:ti_sysbios_knl_Semaphore_Params_init)
                  00008dbe    00000016     scif_framework.obj (.text:ti_sysbios_knl_Semaphore_Params_init)
                  00008dd4    00000016     NodeRadioTask.obj (.text:ti_sysbios_knl_Task_Params_init)
                  00008dea    00000016     NodeTask.obj (.text:ti_sysbios_knl_Task_Params_init)
                  00008e00    00000016     Sensor.obj (.text:ti_sysbios_knl_Task_Params_init)
                  00008e16    00000002     rom_sysbios.aem3 : rom_sysbios.obj (.text:ti_sysbios_BIOS_linkedWithIncorrectBootLibrary__E)
                  00008e18    00000014     NodeRadioTask.obj (.text:AONBatMonBatteryVoltageGet)
                  00008e2c    00000014     driverlib.lib : aon_rtc.obj (.text:NOROM_AONRTCCurrent64BitValueGet)
                  00008e40    00000014     drivers_cc13xxware.aem3 : PINCC26XX.oem3 (.text:PINCC26XX_getInputValue)
                  00008e54    00000014                             : PINCC26XX.oem3 (.text:PINCC26XX_getOutputValue)
                  00008e68    00000014     rf_singleMode_cc13xxware.aem3 : RFCC26XX_singleMode.oem3 (.text:RF_Params_init)
                  00008e7c    00000014     SceAdc.obj (.text:SceAdc_registerAdcCallback)
                  00008e90    00000014     scif_framework.obj (.text:osalIndicateTaskAlert)
                  00008ea4    00000014     scif_framework.obj (.text:scifOsalRegisterCtrlReadyCallback)
                  00008eb8    00000014     scif_framework.obj (.text:scifOsalRegisterTaskAlertCallback)
                  00008ecc    00000014     rtsv7M3_T_le_eabi.lib : strlen.c.obj (.text:strlen)
                  00008ee0    00000014     main_pem3.oem3 (.text:ti_sysbios_knl_Clock_doTick__I)
                  00008ef4    00000014     rom_sysbios.aem3 : rom_sysbios.obj (.text:ti_sysbios_knl_Event_Instance_init__E)
                  00008f08    00000012     Sensor.obj (.text:readRawHumidity)
                  00008f1a    00000012     Sensor.obj (.text:readRawPressure)
                  00008f2c    00000012     Sensor.obj (.text:readRawTemperature)
                  00008f3e    00000012     scif_framework.obj (.text:scifStartTasksNbl)
                  00008f50    00000012     scif.obj (.text:scifTaskResourceInit)
                  00008f62    00000012     main_pem3.oem3 (.text:xdc_runtime_Startup_exec__I)
                  00008f74    00000010     rf_singleMode_cc13xxware.aem3 : RFCC26XX_singleMode.oem3 (.text:FsmDispatch)
                  00008f84    00000010     Sensor.obj (.text:GPTimerCC26XX_getPinMux)
                  00008f94    00000010     drivers_cc13xxware.aem3 : I2C.oem3 (.text:I2C_Params_init)
                  00008fa4    00000010     driverlib.lib : rfc.obj (.text:NOROM_RFCRfTrimSet)
                  00008fb4    00000010                   : setup_rom.obj (.text:NOROM_SetupGetTrimForXoscHfFastStart)
                  00008fc4    00000010                   : setup_rom.obj (.text:NOROM_SetupGetTrimForXoscHfIbiastherm)
                  00008fd4    00000010     smartrf_settings.obj (.text:applyGenfskPatch)
                  00008fe4    00000010     smartrf_settings_predefined.obj (.text:applyGenfskPatch)
                  00008ff4    00000010     smartrf_settings_predefined.obj (.text:applyGenookPatch)
                  00009004    00000010     smartrf_settings_predefined.obj (.text:applyLrmPatch)
                  00009014    00000010     NodeTask.obj (.text:fastReportTimeoutCallback)
                  00009024    00000010     drivers_cc13xxware.aem3 : I2CCC26XX.oem3 (.text:i2cPostNotify)
                  00009034    00000010     rom_sysbios.aem3 : rom_sysbios.obj (.text:ti_sysbios_family_arm_m3_Hwi_post__E)
                  00009044    00000010                      : rom_sysbios.obj (.text:xdc_runtime_SysMin_ready__E)
                  00009054    00000010                      : rom_sysbios.obj (.text:xdc_runtime_System_vsnprintf__E)
                  00009064    0000000e     driverlib.lib : vims.obj (.text:NOROM_VIMSModeGet)
                  00009072    0000000e     rtsv7M3_T_le_eabi.lib : copy_decompress_none.c.obj (.text:decompress:none:__TI_decompress_none)
                  00009080    0000000e     scif_framework.obj (.text:osalCtrlReadyIsr)
                  0000908e    0000000e     scif_framework.obj (.text:osalTaskAlertIsr)
                  0000909c    0000000e     scif.obj (.text:scifTaskResourceUninit)
                  000090aa    0000000e     rom_sysbios.aem3 : rom_sysbios.obj (.text:ti_sysbios_family_arm_cc26xx_TimestampProvider_get32__E)
                  000090b8    0000000c     rf_singleMode_cc13xxware.aem3 : RFCC26XX_singleMode.oem3 (.text:FsmNextState)
                  000090c4    0000000c     drivers_cc13xxware.aem3 : GPTimerCC26XX.oem3 (.text:GPTimerCC26XX_Params_init)
                  000090d0    0000000c     driverlib.lib : cpu.obj (.text:NOROM_CPUcpsid)
                  000090dc    0000000c                   : cpu.obj (.text:NOROM_CPUcpsie)
                  000090e8    0000000c     drivers_cc13xxware.aem3 : PINCC26XX.oem3 (.text:PIN_registerIntCb)
                  000090f4    0000000c                             : PowerCC26XX.oem3 (.text:Power_getConstraintMask)
                  00009100    0000000c                             : PowerCC26XX.oem3 (.text:Power_getDependencyCount)
                  0000910c    0000000c     NodeRadioTask.obj (.text:TRNGDisable)
                  00009118    0000000c     NodeRadioTask.obj (.text:TRNGEnable)
                  00009124    0000000c     NodeRadioTask.obj (.text:TRNGStatusGet)
                  00009130    0000000c     rtsv7M3_T_le_eabi.lib : _lock.c.obj (.text:_register_lock)
                  0000913c    0000000c                           : _lock.c.obj (.text:_register_unlock)
                  00009148    0000000c                           : copy_zero_init.c.obj (.text:decompress:ZI:__TI_zero_init)
                  00009154    0000000c     scif_framework.obj (.text:osalUnlockCtrlTaskNbl)
                  00009160    0000000c     scif_framework.obj (.text:scifGetAlertEvents)
                  0000916c    0000000c     scif_framework.obj (.text:scifOsalLeaveCriticalSection)
                  00009178    0000000c     NodeTask.obj (.text:ti_sysbios_knl_Clock_handle)
                  00009184    0000000c     main_pem3.oem3 (.text:ti_sysbios_knl_Event_Params__init__S)
                  00009190    0000000c     NodeRadioTask.obj (.text:ti_sysbios_knl_Event_handle)
                  0000919c    0000000c     NodeTask.obj (.text:ti_sysbios_knl_Event_handle)
                  000091a8    0000000c     NodeRadioTask.obj (.text:ti_sysbios_knl_Semaphore_handle)
                  000091b4    0000000c     scif_framework.obj (.text:ti_sysbios_knl_Semaphore_handle)
                  000091c0    0000000c     rom_sysbios.aem3 : rom_sysbios.obj (.text:ti_sysbios_knl_Swi_getTrigger__E)
                  000091cc    0000000c                      : rom_sysbios.obj (.text:xdc_runtime_Startup_rtsDone__E)
                  000091d8    0000000a     drivers_cc13xxware.aem3 : I2CCC26XX.oem3 (.text:I2CCC26XX_init)
                  000091e2    0000000a                             : I2C.oem3 (.text:I2C_transfer)
                  000091ec    0000000a                             : List.oem3 (.text:List_empty)
                  000091f6    0000000a     SceAdc.obj (.text:SceAdc_start)
                  00009200    0000000a     scif_framework.obj (.text:osalClearCtrlReadyInt)
                  0000920a    0000000a     scif_framework.obj (.text:osalClearTaskAlertInt)
                  00009214    0000000a     scif_framework.obj (.text:osalDisableCtrlReadyInt)
                  0000921e    0000000a     scif_framework.obj (.text:osalDisableTaskAlertInt)
                  00009228    0000000a     scif_framework.obj (.text:osalEnableCtrlReadyInt)
                  00009232    0000000a     scif_framework.obj (.text:osalEnableTaskAlertInt)
                  0000923c    00000008     drivers_cc13xxware.aem3 : GPTimerCC26XX.oem3 (.text:GPTimerCC26XX_setLoadValue)
                  00009244    00000008                             : I2CCC26XX.oem3 (.text:I2CCC26XX_blockingCallback)
                  0000924c    00000008     smartrf_settings.obj (.text:rf_patch_cpe_genfsk)
                  00009254    00000008     smartrf_settings_predefined.obj (.text:rf_patch_cpe_genfsk)
                  0000925c    00000008     smartrf_settings_predefined.obj (.text:rf_patch_cpe_genook)
                  00009264    00000008     smartrf_settings_predefined.obj (.text:rf_patch_cpe_lrm)
                  0000926c    00000008     scif_framework.obj (.text:scifOsalEnterCriticalSection)
                  00009274    00000008     main_pem3.oem3 (.text:xdc_runtime_Text_visitRope__I)
                  0000927c    00000006     drivers_cc13xxware.aem3 : GPTimerCC26XX.oem3 (.text:GPTimerCC26XX_getValue)
                  00009282    00000006                             : I2CCC26XX.oem3 (.text:I2CCC26XX_control)
                  00009288    00000006     driverlib.lib : cpu.obj (.text:NOROM_CPUdelay)
                  0000928e    00000006     rf_singleMode_cc13xxware.aem3 : RFCC26XX_singleMode.oem3 (.text:clkInactivityFxn)
                  00009294    00000006     rom_sysbios.aem3 : rom_sysbios.obj (.text:ti_sysbios_family_arm_m3_Hwi_setFunc__E)
                  0000929a    00000004     tirtosport.aem3 : HwiP_tirtos.oem3 (.text:HwiP_disable)
                  0000929e    00000004     drivers_cc13xxware.aem3 : List.oem3 (.text:List_head)
                  000092a2    00000004                             : List.oem3 (.text:List_next)
                  000092a6    00000004     rf_singleMode_cc13xxware.aem3 : RFCC26XX_singleMode.oem3 (.text:Q_peek)
                  000092aa    00000004     drivers_cc13xxware.aem3 : PowerCC26XX.oem3 (.text:nopResourceHandler)
                  000092ae    00000004     rom_sysbios.aem3 : rom_sysbios.obj (.text:ti_sysbios_family_arm_cc26xx_Timer_getCount64__E)
                  000092b2    00000004     main_pem3.oem3 (.text:xdc_runtime_Startup_reset__I)
                  000092b6    00000004     rom_sysbios.aem3 : rom_sysbios.obj (.text:xdc_runtime_System_printf_va__F)
                  000092ba    00000002     main_pem3.oem3 (.text:ti_sysbios_BIOS_nullFunc__I)
                  000092bc    00000002     rom_sysbios.aem3 : rom_sysbios.obj (.text:ti_sysbios_knl_Clock_triggerFunc__I)
                  000092be    00000002                      : rom_sysbios.obj (.text:xdc_runtime_SysCallback_defaultAbort)
                  000092c0    00000002                      : rom_sysbios.obj (.text:xdc_runtime_SysCallback_defaultExit)
                  000092c2    00000002     --HOLE-- [fill = 0]
                  000092c4    00000008     (.tramp.xdc_runtime_Core_assignParams__I.1)
                  000092cc    00000008     (.tramp.xdc_runtime_Startup_startMods__I.1)
                  000092d4    00000008     (.tramp.ti_sysbios_knl_Queue_construct.1)
                  000092dc    00000008     (.tramp.ti_sysbios_knl_Clock_logTick__E.1)
                  000092e4    00000008     (.tramp.ti_sysbios_knl_Task_Params__init__S.1)
                  000092ec    00000008     (.tramp.ti_sysbios_BIOS_RtsGateProxy_leave__E.1)
                  000092f4    00000008     (.tramp.ti_sysbios_BIOS_RtsGateProxy_enter__E.1)
                  000092fc    00000008     (.tramp.xdc_runtime_Core_constructObject__I.1)
                  00009304    00000008     (.tramp.ti_sysbios_knl_Task_startup__E.1)
                  0000930c    00000008     (.tramp.ti_sysbios_knl_Swi_startup__E.1)
                  00009314    00000008     (.tramp.ti_sysbios_hal_Hwi_startup__E.1)
                  0000931c    00000008     (.tramp.ti_sysbios_family_arm_cc26xx_Timer_startup__E.1)
                  00009324    00000008     (.tramp.xdc_runtime_System_atexit__E.1)
                  0000932c    00000008     (.tramp.ti_sysbios_BIOS_setThreadType__E.1)
                  00009334    00000008     (.tramp.xdc_runtime_Gate_leaveSystem__E.1)
                  0000933c    00000008     (.tramp.xdc_runtime_Gate_enterSystem__E.1)
                  00009344    00000008     (.tramp.ti_sysbios_BIOS_start__E.1)
                  0000934c    00000008     (.tramp.xdc_runtime_System_exit__E.1)
                  00009354    00000008     (.tramp.ti_sysbios_BIOS_getCpuFreq__E.1)
                  0000935c    00000008     (.tramp.ti_sysbios_knl_Task_unblockI__E.1)
                  00009364    00000008     (.tramp.ti_sysbios_knl_Queue_remove__E.1)
                  0000936c    00000008     (.tramp.ti_sysbios_knl_Queue_head__E.1)
                  00009374    00000008     (.tramp.ti_sysbios_knl_Queue_empty__E.1)
                  0000937c    00000008     (.tramp.ti_sysbios_knl_Clock_scheduleNextTick__E.1)
                  00009384    00000008     (.tramp.ti_sysbios_knl_Clock_walkQueueDynamic__E.1)
                  0000938c    00000008     (.tramp.ti_sysbios_knl_Clock_TimerProxy_getCurrentTick__E.1)
                  00009394    00000008     (.tramp.ti_sysbios_family_arm_m3_Hwi_disableInterrupt__E.1)
                  0000939c    00000008     (.tramp.ti_sysbios_family_arm_m3_Hwi_enableInterrupt__E.1)
                  000093a4    00000008     (.tramp.ti_sysbios_knl_Clock_removeI__E.1)
                  000093ac    00000008     (.tramp.ti_sysbios_knl_Clock_startI__E.1)
                  000093b4    00000008     (.tramp.ti_sysbios_knl_Task_blockI__E.1)
                  000093bc    00000008     (.tramp.ti_sysbios_knl_Queue_enqueue__E.1)
                  000093c4    00000008     (.tramp.ti_sysbios_knl_Task_self__E.1)
                  000093cc    00000008     (.tramp.ti_sysbios_knl_Clock_addI__E.1)
                  000093d4    00000008     (.tramp.ti_sysbios_knl_Swi_post__E.1)
                  000093dc    00000008     (.tramp.ti_sysbios_family_arm_m3_Hwi_destruct.1)
                  000093e4    00000008     (.tramp.ti_sysbios_knl_Swi_destruct.1)
                  000093ec    00000008     (.tramp.ti_sysbios_knl_Clock_destruct.1)
                  000093f4    00000008     (.tramp.ti_sysbios_knl_Semaphore_destruct.1)
                  000093fc    00000008     (.tramp.ti_sysbios_knl_Clock_construct.1)
                  00009404    00000008     (.tramp.ti_sysbios_knl_Clock_Params__init__S.1)
                  0000940c    00000008     (.tramp.ti_sysbios_knl_Task_construct.1)
                  00009414    00000008     (.tramp.ti_sysbios_knl_Task_sleep__E.1)
                  0000941c    00000008     (.tramp.xdc_runtime_System_abortSpin__E.1)
                  00009424    00000008     (.tramp.ti_sysbios_knl_Swi_construct.1)
                  0000942c    00000008     (.tramp.ti_sysbios_knl_Swi_Params__init__S.1)
                  00009434    00000008     (.tramp.ti_sysbios_family_arm_m3_Hwi_construct.1)
                  0000943c    00000008     (.tramp.ti_sysbios_family_arm_m3_Hwi_Params__init__S.1)
                  00009444    00000008     (.tramp.ti_sysbios_knl_Semaphore_construct.1)
                  0000944c    00000008     (.tramp.ti_sysbios_knl_Semaphore_Params__init__S.1)
                  00009454    00000008     (.tramp.ti_sysbios_knl_Clock_getTicks__E.1)
                  0000945c    00000008     (.tramp.xdc_runtime_System_abort__E.1)
                  00009464    00000008     (.tramp.ti_sysbios_knl_Task_restore__E.1)
                  0000946c    00000008     (.tramp.ti_sysbios_knl_Swi_restore__E.1)
                  00009474    00000008     (.tramp.ti_sysbios_knl_Swi_disable__E.1)
                  0000947c    00000008     (.tramp.ti_sysbios_knl_Task_disable__E.1)
                  00009484    00000008     (.tramp.ti_sysbios_knl_Semaphore_create.1)
                  0000948c    00000008     (.tramp.xdc_runtime_Error_init__E.1)
                  00009494    00000008     (.tramp.ti_sysbios_knl_Semaphore_post__E.1)
                  0000949c    00000008     (.tramp.ti_sysbios_knl_Semaphore_pend__E.1)
                  000094a4    00000008     (.tramp.ti_sysbios_knl_Clock_start__E.1)
                  000094ac    00000008     (.tramp.ti_sysbios_knl_Clock_setTimeout__E.1)
                  000094b4    00000008     (.tramp.ti_sysbios_family_arm_m3_Hwi_restoreFxn__E.1)
                  000094bc    00000008     (.tramp.ti_sysbios_family_arm_m3_Hwi_disableFxn__E.1)

.const     0    000094c4    000039d2     
                  000094c4    0000073c     smartrf_settings_predefined.obj (.const:patchGenookMce)
                  00009c00    000006b4     smartrf_settings.obj (.const:patchGenfskRfe)
                  0000a2b4    000006b4     smartrf_settings_predefined.obj (.const:patchGenfskRfe)
                  0000a968    000006b4     smartrf_settings_predefined.obj (.const:patchLrmRfe)
                  0000b01c    000006a4     smartrf_settings_predefined.obj (.const:patchGenookRfe)
                  0000b6c0    00000504     smartrf_settings_predefined.obj (.const:patchHsp4mbpsRfe)
                  0000bbc4    000003f0     smartrf_settings_predefined.obj (.const:patchHsp4mbpsMce)
                  0000bfb4    0000028c     smartrf_settings.obj (.const:patchImageGenfsk)
                  0000c240    0000028c     smartrf_settings_predefined.obj (.const:patchImageGenfsk)
                  0000c4cc    0000028c     smartrf_settings_predefined.obj (.const:patchImageGenook)
                  0000c758    0000028c     smartrf_settings_predefined.obj (.const:patchImageLrm)
                  0000c9e4    000001ae     scif.obj (.const:pAuxRamImage)
                  0000cb92    00000002     main_pem3.oem3 (.const:xdc_runtime_SysMin_flushAtExit__C)
                  0000cb94    00000060     Plantsensor.obj (.const:GPTimerCC26XX_config)
                  0000cbf4    00000060     Plantsensor.obj (.const:gptimerCC26xxHWAttrs)
                  0000cc54    0000004c     drivers_cc13xxware.aem3 : PowerCC26XX.oem3 (.const:resourceDB)
                  0000cca0    00000048     main_pem3.oem3 (.const:.string)
                  0000cce8    00000028     main_pem3.oem3 (.const:xdc_runtime_Startup_sfxnTab__A)
                  0000cd10    00000024     scif.obj (.const:scifDriverSetup)
                  0000cd34    00000022     drivers_cc13xxware.aem3 : GPTimerCC26XX.oem3 (.const)
                  0000cd56    00000002     main_pem3.oem3 (.const:xdc_runtime_Text_registryModsLastId__C)
                  0000cd58    00000020     drivers_cc13xxware.aem3 : I2CCC26XX.oem3 (.const)
                  0000cd78    00000020     main_pem3.oem3 (.const:ti_sysbios_knl_Event_Object__DESC__C)
                  0000cd98    00000018     Plantsensor.obj (.const:I2C_config)
                  0000cdb0    00000018     Plantsensor.obj (.const:i2cCC26xxHWAttrs)
                  0000cdc8    00000018     main_pem3.oem3 (.const:ti_sysbios_knl_Event_Object__PARAMS__C)
                  0000cde0    00000014     rf_singleMode_cc13xxware.aem3 : RFCC26XX_singleMode.oem3 (.const)
                  0000cdf4    00000014     main_pem3.oem3 (.const:xdc_runtime_Startup_sfxnRts__A)
                  0000ce08    00000010     scif.obj (.const:.string:pAuxIoIndexToMcuIocfgOffsetLut)
                  0000ce18    00000010     Plantsensor.obj (.const:BoardGpioInitTable)
                  0000ce28    00000010     Plantsensor.obj (.const:PowerCC26XX_config)
                  0000ce38    00000010     drivers_cc13xxware.aem3 : I2C.oem3 (.const)
                  0000ce48    00000010     scif.obj (.const:pScifTaskDataStructInfoLut)
                  0000ce58    0000000c     main_pem3.oem3 (.const:xdc_runtime_Startup_firstFxns__A)
                  0000ce64    00000008     Plantsensor.obj (.const:PINCC26XX_hwAttrs)
                  0000ce6c    00000004     Plantsensor.obj (.const:RFCC26XX_hwAttrs)
                  0000ce70    00000004     main_pem3.oem3 (.const:ti_sysbios_knl_Clock_tickPeriod__C)
                  0000ce74    00000004     main_pem3.oem3 (.const:ti_sysbios_knl_Clock_triggerClock__C)
                  0000ce78    00000004     main_pem3.oem3 (.const:ti_sysbios_knl_Event_Instance_State_pendQ__O)
                  0000ce7c    00000004     main_pem3.oem3 (.const:ti_sysbios_knl_Idle_funcList__A)
                  0000ce80    00000004     main_pem3.oem3 (.const:xdc_runtime_SysMin_bufSize__C)
                  0000ce84    00000004     main_pem3.oem3 (.const:xdc_runtime_SysMin_outputFunc__C)
                  0000ce88    00000004     main_pem3.oem3 (.const:xdc_runtime_System_extendFxn__C)
                  0000ce8c    00000004     main_pem3.oem3 (.const:xdc_runtime_Text_visitRopeFxn__C)
                  0000ce90    00000003     Sensor.obj (.const:.string:$P$T0$1)
                  0000ce93    00000001     main_pem3.oem3 (.const:xdc_runtime_Text_charTab__A)
                  0000ce94    00000002     main_pem3.oem3 (.const:xdc_runtime_Text_unnamedModsLastId__C)

.cinit     0    00000040    00000428     
                  00000040    000002ee     (.cinit..data.load) [load image, compression = lzss]
                  0000032e    00000028     (.cinit..data:ti_sysbios_family_arm_m3_Hwi_Module__state__V.load) [load image, compression = lzss]
                  00000356    00000021     (.cinit..data:ti_sysbios_knl_Task_Module__state__V.load) [load image, compression = lzss]
                  00000377    0000001f     (.cinit..data:ti_sysbios_BIOS_Module__state__V.load) [load image, compression = lzss]
                  00000396    0000001e     (.cinit..data:ti_sysbios_knl_Clock_Module__state__V.load) [load image, compression = lzss]
                  000003b4    00000010     (.cinit..data:ti_sysbios_knl_Swi_Module__state__V.load) [load image, compression = lzss]
                  000003c4    0000000c     (__TI_handler_table)
                  000003d0    0000000b     (.cinit..data:ti_sysbios_family_arm_cc26xx_Timer_Module__state__V.load) [load image, compression = lzss]
                  000003db    0000000b     (.cinit..data:xdc_runtime_System_Module__state__V.load) [load image, compression = lzss]
                  000003e6    00000002     --HOLE-- [fill = 0]
                  000003e8    00000008     (.cinit..bss.load) [load image, compression = zero_init]
                  000003f0    00000008     (.cinit..data:xdc_runtime_Memory_Module__state__V.load) [load image, compression = lzss]
                  000003f8    00000007     (.cinit..data:ti_sysbios_family_arm_cc26xx_TimestampProvider_Module__state__V.load) [load image, compression = lzss]
                  000003ff    00000007     (.cinit..data:xdc_runtime_Startup_Module__state__V.load) [load image, compression = lzss]
                  00000406    00000002     --HOLE-- [fill = 0]
                  00000408    00000060     (__TI_cinit_table)

.init_array 
*          0    00000000    00000000     UNINITIALIZED

.ccfg      0    0001ffa8    00000058     
                  0001ffa8    00000058     ccfg.obj (.ccfg:retain)

.const:ti_sysbios_knl_Task_Object__PARAMS__C 
*          0    00001000    0000003c     
                  00001000    0000003c     main_pem3.oem3 (.const:ti_sysbios_knl_Task_Object__PARAMS__C)

.const:ti_sysbios_knl_Mailbox_Object__PARAMS__C 
*          0    0000103c    00000034     
                  0000103c    00000034     main_pem3.oem3 (.const:ti_sysbios_knl_Mailbox_Object__PARAMS__C)

.const:ti_sysbios_family_arm_m3_Hwi_Object__PARAMS__C 
*          0    00001070    00000030     
                  00001070    00000030     main_pem3.oem3 (.const:ti_sysbios_family_arm_m3_Hwi_Object__PARAMS__C)

.const:ti_sysbios_hal_Hwi_Object__PARAMS__C 
*          0    000010a0    0000002c     
                  000010a0    0000002c     main_pem3.oem3 (.const:ti_sysbios_hal_Hwi_Object__PARAMS__C)

.const:ti_sysbios_heaps_HeapMem_Module__FXNS__C 
*          0    000010cc    00000028     
                  000010cc    00000028     main_pem3.oem3 (.const:ti_sysbios_heaps_HeapMem_Module__FXNS__C)

.const:ti_sysbios_knl_Swi_Object__PARAMS__C 
*          0    000010f4    00000028     
                  000010f4    00000028     main_pem3.oem3 (.const:ti_sysbios_knl_Swi_Object__PARAMS__C)

.const:ti_sysbios_gates_GateHwi_Module__FXNS__C 
*          0    0000111c    00000024     
                  0000111c    00000024     main_pem3.oem3 (.const:ti_sysbios_gates_GateHwi_Module__FXNS__C)

.const:ti_sysbios_gates_GateMutex_Module__FXNS__C 
*          0    00001140    00000024     
                  00001140    00000024     main_pem3.oem3 (.const:ti_sysbios_gates_GateMutex_Module__FXNS__C)

.const:ti_sysbios_heaps_HeapMem_Object__PARAMS__C 
*          0    00001164    00000024     
                  00001164    00000024     main_pem3.oem3 (.const:ti_sysbios_heaps_HeapMem_Object__PARAMS__C)

.const:ti_sysbios_knl_Clock_Object__PARAMS__C 
*          0    00001188    00000024     
                  00001188    00000024     main_pem3.oem3 (.const:ti_sysbios_knl_Clock_Object__PARAMS__C)

.const:ti_sysbios_knl_Semaphore_Object__PARAMS__C 
*          0    000011ac    00000024     
                  000011ac    00000024     main_pem3.oem3 (.const:ti_sysbios_knl_Semaphore_Object__PARAMS__C)

.const:ti_sysbios_family_arm_m3_Hwi_Object__DESC__C 
*          0    000011d0    00000020     
                  000011d0    00000020     main_pem3.oem3 (.const:ti_sysbios_family_arm_m3_Hwi_Object__DESC__C)

.const:ti_sysbios_gates_GateHwi_Object__DESC__C 
*          0    000011f0    00000020     
                  000011f0    00000020     main_pem3.oem3 (.const:ti_sysbios_gates_GateHwi_Object__DESC__C)

.const:ti_sysbios_gates_GateMutex_Object__DESC__C 
*          0    00001210    00000020     
                  00001210    00000020     main_pem3.oem3 (.const:ti_sysbios_gates_GateMutex_Object__DESC__C)

.const:ti_sysbios_hal_Hwi_Object__DESC__C 
*          0    00001230    00000020     
                  00001230    00000020     main_pem3.oem3 (.const:ti_sysbios_hal_Hwi_Object__DESC__C)

.const:ti_sysbios_heaps_HeapMem_Object__DESC__C 
*          0    00001250    00000020     
                  00001250    00000020     main_pem3.oem3 (.const:ti_sysbios_heaps_HeapMem_Object__DESC__C)

.const:ti_sysbios_knl_Clock_Object__DESC__C 
*          0    00001270    00000020     
                  00001270    00000020     main_pem3.oem3 (.const:ti_sysbios_knl_Clock_Object__DESC__C)

.const:ti_sysbios_knl_Mailbox_Object__DESC__C 
*          0    00001290    00000020     
                  00001290    00000020     main_pem3.oem3 (.const:ti_sysbios_knl_Mailbox_Object__DESC__C)

.const:ti_sysbios_knl_Queue_Object__DESC__C 
*          0    000012b0    00000020     
                  000012b0    00000020     main_pem3.oem3 (.const:ti_sysbios_knl_Queue_Object__DESC__C)

.const:ti_sysbios_knl_Semaphore_Object__DESC__C 
*          0    000012d0    00000020     
                  000012d0    00000020     main_pem3.oem3 (.const:ti_sysbios_knl_Semaphore_Object__DESC__C)

.const:ti_sysbios_knl_Swi_Object__DESC__C 
*          0    000012f0    00000020     
                  000012f0    00000020     main_pem3.oem3 (.const:ti_sysbios_knl_Swi_Object__DESC__C)

.const:ti_sysbios_knl_Task_Object__DESC__C 
*          0    00001310    00000020     
                  00001310    00000020     main_pem3.oem3 (.const:ti_sysbios_knl_Task_Object__DESC__C)

.const:ti_sysbios_gates_GateHwi_Object__PARAMS__C 
*          0    00001330    00000018     
                  00001330    00000018     main_pem3.oem3 (.const:ti_sysbios_gates_GateHwi_Object__PARAMS__C)

.const:ti_sysbios_gates_GateMutex_Object__PARAMS__C 
*          0    00001348    00000018     
                  00001348    00000018     main_pem3.oem3 (.const:ti_sysbios_gates_GateMutex_Object__PARAMS__C)

.const:ti_sysbios_knl_Queue_Object__PARAMS__C 
*          0    00001360    00000018     
                  00001360    00000018     main_pem3.oem3 (.const:ti_sysbios_knl_Queue_Object__PARAMS__C)

.const:ti_sysbios_knl_Idle_funcList__C 
*          0    00001378    00000008     
                  00001378    00000008     main_pem3.oem3 (.const:ti_sysbios_knl_Idle_funcList__C)

.const:ti_sysbios_family_arm_cc26xx_Timer_startupNeeded__C 
*          0    00001384    00000004     
                  00001384    00000004     main_pem3.oem3 (.const:ti_sysbios_family_arm_cc26xx_Timer_startupNeeded__C)

.const:ti_sysbios_family_arm_m3_Hwi_E_alreadyDefined__C 
*          0    00001388    00000004     
                  00001388    00000004     main_pem3.oem3 (.const:ti_sysbios_family_arm_m3_Hwi_E_alreadyDefined__C)

.const:ti_sysbios_family_arm_m3_Hwi_E_hwiLimitExceeded__C 
*          0    0000138c    00000004     
                  0000138c    00000004     main_pem3.oem3 (.const:ti_sysbios_family_arm_m3_Hwi_E_hwiLimitExceeded__C)

.const:ti_sysbios_family_arm_m3_Hwi_NUM_INTERRUPTS__C 
*          0    00001390    00000004     
                  00001390    00000004     main_pem3.oem3 (.const:ti_sysbios_family_arm_m3_Hwi_NUM_INTERRUPTS__C)

.const:ti_sysbios_family_arm_m3_Hwi_Object__count__C 
*          0    00001394    00000004     
                  00001394    00000004     main_pem3.oem3 (.const:ti_sysbios_family_arm_m3_Hwi_Object__count__C)

.const:ti_sysbios_family_arm_m3_Hwi_Object__table__C 
*          0    00001398    00000004     
                  00001398    00000004     main_pem3.oem3 (.const:ti_sysbios_family_arm_m3_Hwi_Object__table__C)

.const:ti_sysbios_family_arm_m3_Hwi_ccr__C 
*          0    0000139c    00000004     
                  0000139c    00000004     main_pem3.oem3 (.const:ti_sysbios_family_arm_m3_Hwi_ccr__C)

.const:ti_sysbios_family_arm_m3_Hwi_excHandlerFunc__C 
*          0    000013a0    00000004     
                  000013a0    00000004     main_pem3.oem3 (.const:ti_sysbios_family_arm_m3_Hwi_excHandlerFunc__C)

.const:ti_sysbios_family_arm_m3_Hwi_nullIsrFunc__C 
*          0    000013a4    00000004     
                  000013a4    00000004     main_pem3.oem3 (.const:ti_sysbios_family_arm_m3_Hwi_nullIsrFunc__C)

.const:ti_sysbios_family_arm_m3_Hwi_numSparseInterrupts__C 
*          0    000013a8    00000004     
                  000013a8    00000004     main_pem3.oem3 (.const:ti_sysbios_family_arm_m3_Hwi_numSparseInterrupts__C)

.const:ti_sysbios_family_arm_m3_Hwi_priGroup__C 
*          0    000013ac    00000004     
                  000013ac    00000004     main_pem3.oem3 (.const:ti_sysbios_family_arm_m3_Hwi_priGroup__C)

.const:ti_sysbios_family_arm_m3_TaskSupport_stackAlignment__C 
*          0    000013b0    00000004     
                  000013b0    00000004     main_pem3.oem3 (.const:ti_sysbios_family_arm_m3_TaskSupport_stackAlignment__C)

.const:ti_sysbios_heaps_HeapMem_E_memory__C 
*          0    000013b4    00000004     
                  000013b4    00000004     main_pem3.oem3 (.const:ti_sysbios_heaps_HeapMem_E_memory__C)

.const:ti_sysbios_heaps_HeapMem_Module__gateObj__C 
*          0    000013b8    00000004     
                  000013b8    00000004     main_pem3.oem3 (.const:ti_sysbios_heaps_HeapMem_Module__gateObj__C)

.const:ti_sysbios_heaps_HeapMem_Object__count__C 
*          0    000013bc    00000004     
                  000013bc    00000004     main_pem3.oem3 (.const:ti_sysbios_heaps_HeapMem_Object__count__C)

.const:ti_sysbios_heaps_HeapMem_Object__table__C 
*          0    000013c0    00000004     
                  000013c0    00000004     main_pem3.oem3 (.const:ti_sysbios_heaps_HeapMem_Object__table__C)

.const:ti_sysbios_heaps_HeapMem_reqAlign__C 
*          0    000013c4    00000004     
                  000013c4    00000004     main_pem3.oem3 (.const:ti_sysbios_heaps_HeapMem_reqAlign__C)

.const:ti_sysbios_knl_Clock_serviceMargin__C 
*          0    000013c8    00000004     
                  000013c8    00000004     main_pem3.oem3 (.const:ti_sysbios_knl_Clock_serviceMargin__C)

.const:ti_sysbios_knl_Mailbox_Object__count__C 
*          0    000013cc    00000004     
                  000013cc    00000004     main_pem3.oem3 (.const:ti_sysbios_knl_Mailbox_Object__count__C)

.const:ti_sysbios_knl_Mailbox_Object__table__C 
*          0    000013d0    00000004     
                  000013d0    00000004     main_pem3.oem3 (.const:ti_sysbios_knl_Mailbox_Object__table__C)

.const:ti_sysbios_knl_Mailbox_maxTypeAlign__C 
*          0    000013d4    00000004     
                  000013d4    00000004     main_pem3.oem3 (.const:ti_sysbios_knl_Mailbox_maxTypeAlign__C)

.const:ti_sysbios_knl_Queue_Object__count__C 
*          0    000013d8    00000004     
                  000013d8    00000004     main_pem3.oem3 (.const:ti_sysbios_knl_Queue_Object__count__C)

.const:ti_sysbios_knl_Queue_Object__table__C 
*          0    000013dc    00000004     
                  000013dc    00000004     main_pem3.oem3 (.const:ti_sysbios_knl_Queue_Object__table__C)

.const:ti_sysbios_knl_Swi_Object__count__C 
*          0    000013e0    00000004     
                  000013e0    00000004     main_pem3.oem3 (.const:ti_sysbios_knl_Swi_Object__count__C)

.const:ti_sysbios_knl_Swi_Object__table__C 
*          0    000013e4    00000004     
                  000013e4    00000004     main_pem3.oem3 (.const:ti_sysbios_knl_Swi_Object__table__C)

.const:ti_sysbios_knl_Swi_numPriorities__C 
*          0    000013e8    00000004     
                  000013e8    00000004     main_pem3.oem3 (.const:ti_sysbios_knl_Swi_numPriorities__C)

.const:ti_sysbios_knl_Task_Object__count__C 
*          0    000013ec    00000004     
                  000013ec    00000004     main_pem3.oem3 (.const:ti_sysbios_knl_Task_Object__count__C)

.const:ti_sysbios_knl_Task_Object__table__C 
*          0    000013f0    00000004     
                  000013f0    00000004     main_pem3.oem3 (.const:ti_sysbios_knl_Task_Object__table__C)

.const:ti_sysbios_knl_Task_allBlockedFunc__C 
*          0    000013f4    00000004     
                  000013f4    00000004     main_pem3.oem3 (.const:ti_sysbios_knl_Task_allBlockedFunc__C)

.const:ti_sysbios_knl_Task_defaultStackHeap__C 
*          0    000013f8    00000004     
                  000013f8    00000004     main_pem3.oem3 (.const:ti_sysbios_knl_Task_defaultStackHeap__C)

.const:ti_sysbios_knl_Task_defaultStackSize__C 
*          0    000013fc    00000004     
                  000013fc    00000004     main_pem3.oem3 (.const:ti_sysbios_knl_Task_defaultStackSize__C)

.const:ti_sysbios_knl_Task_numConstructedTasks__C 
*          0    00001400    00000004     
                  00001400    00000004     main_pem3.oem3 (.const:ti_sysbios_knl_Task_numConstructedTasks__C)

.const:ti_sysbios_family_arm_cc26xx_Timer_Module__id__C 
*          0    00001406    00000002     
                  00001406    00000002     main_pem3.oem3 (.const:ti_sysbios_family_arm_cc26xx_Timer_Module__id__C)

.const:ti_sysbios_family_arm_cc26xx_TimestampProvider_useClockTimer__C 
*          0    00001408    00000002     
                  00001408    00000002     main_pem3.oem3 (.const:ti_sysbios_family_arm_cc26xx_TimestampProvider_useClockTimer__C)

.const:ti_sysbios_family_arm_m3_Hwi_Module__id__C 
*          0    0000140a    00000002     
                  0000140a    00000002     main_pem3.oem3 (.const:ti_sysbios_family_arm_m3_Hwi_Module__id__C)

.const:ti_sysbios_gates_GateHwi_Module__id__C 
*          0    0000140c    00000002     
                  0000140c    00000002     main_pem3.oem3 (.const:ti_sysbios_gates_GateHwi_Module__id__C)

.const:ti_sysbios_gates_GateMutex_Module__id__C 
*          0    0000140e    00000002     
                  0000140e    00000002     main_pem3.oem3 (.const:ti_sysbios_gates_GateMutex_Module__id__C)

.const:ti_sysbios_heaps_HeapMem_Module__id__C 
*          0    00001410    00000002     
                  00001410    00000002     main_pem3.oem3 (.const:ti_sysbios_heaps_HeapMem_Module__id__C)

.const:ti_sysbios_knl_Task_initStackFlag__C 
*          0    00001412    00000002     
                  00001412    00000002     main_pem3.oem3 (.const:ti_sysbios_knl_Task_initStackFlag__C)

.const:ti_sysbios_knl_Clock_tickMode__C 
*          0    00001414    00000001     
[...]
1001c259  ti_sysbios_family_arm_m3_Hwi_delete                                       
1001c25d  ti_sysbios_family_arm_m3_Hwi_destruct                                     
1001c261  ti_sysbios_family_arm_m3_TaskSupport_Module__startupDone__S               
1001c261  ti_sysbios_knl_Task_SupportProxy_Module__startupDone__S__mangled__        
1001c265  ti_sysbios_gates_GateHwi_query__E                                         
1001c265  xdc_runtime_Main_Module_GateProxy_query__E                                
1001c265  xdc_runtime_System_Module_GateProxy_query__E                              
1001c265  xdc_runtime_System_Module_GateProxy_query__E__mangled__                   
1001c269  ti_sysbios_gates_GateMutex_delete                                         
1001c26d  ti_sysbios_gates_GateMutex_destruct                                       
1001c271  ti_sysbios_BIOS_RtsGateProxy_query__E                                     
1001c271  ti_sysbios_BIOS_RtsGateProxy_query__E__mangled__                          
1001c271  ti_sysbios_gates_GateMutex_query__E                                       
1001c271  ti_sysbios_heaps_HeapMem_Module_GateProxy_query__E                        
1001c271  ti_sysbios_heaps_HeapMem_Module_GateProxy_query__E__mangled__             
1001c275  ti_sysbios_hal_Hwi_HwiProxy_Module__startupDone__S                        
1001c279  ti_sysbios_hal_Hwi_HwiProxy_delete                                        
1001c27d  ti_sysbios_hal_Hwi_HwiProxy_disableInterrupt__E                           
1001c27d  ti_sysbios_hal_Hwi_disableInterrupt__E                                    
1001c27d  ti_sysbios_hal_Hwi_disableInterrupt__E                                    
1001c281  ti_sysbios_hal_Hwi_HwiProxy_enableInterrupt__E                            
1001c281  ti_sysbios_hal_Hwi_enableInterrupt__E                                     
1001c281  ti_sysbios_hal_Hwi_enableInterrupt__E                                     
1001c285  ti_sysbios_hal_Hwi_HwiProxy_getStackInfo__E                               
1001c285  ti_sysbios_hal_Hwi_getStackInfo__E                                        
1001c285  ti_sysbios_hal_Hwi_getStackInfo__E                                        
1001c289  ti_sysbios_hal_Hwi_HwiProxy_startup__E                                    
1001c289  ti_sysbios_hal_Hwi_startup__E                                             
1001c289  ti_sysbios_hal_Hwi_startup__E                                             
1001c28d  ti_sysbios_hal_Hwi_HwiProxy_switchFromBootStack__E                        
1001c291  ti_sysbios_hal_Hwi_delete                                                 
1001c295  ti_sysbios_hal_Hwi_switchFromBootStack__E                                 
1001c295  ti_sysbios_hal_Hwi_switchFromBootStack__E                                 
1001c299  ti_sysbios_heaps_HeapMem_Module_GateProxy_enter__E                        
1001c29d  ti_sysbios_heaps_HeapMem_Module_GateProxy_leave__E                        
1001c2a1  ti_sysbios_heaps_HeapMem_isBlocking__E                                    
1001c2a5  ti_sysbios_knl_Clock_TimerProxy_Module__startupDone__S                    
1001c2a9  ti_sysbios_knl_Clock_TimerProxy_getExpiredTicks__E                        
1001c2ad  ti_sysbios_knl_Clock_TimerProxy_getPeriod__E                              
1001c2b1  ti_sysbios_knl_Clock_delete                                               
1001c2b5  ti_sysbios_knl_Clock_destruct                                             
1001c2b9  ti_sysbios_knl_Clock_removeI__E                                           
1001c2bd  ti_sysbios_knl_Clock_setTimeout__E                                        
1001c2c1  ti_sysbios_knl_Mailbox_delete                                             
1001c2c5  ti_sysbios_knl_Mailbox_destruct                                           
1001c2c9  ti_sysbios_knl_Queue_delete                                               
1001c2cd  ti_sysbios_knl_Queue_destruct                                             
1001c2d1  ti_sysbios_knl_Queue_head__E                                              
1001c2d5  ti_sysbios_knl_Queue_next__E                                              
1001c2d9  ti_sysbios_knl_Semaphore_delete                                           
1001c2dd  ti_sysbios_knl_Semaphore_destruct                                         
1001c2e1  ti_sysbios_knl_Swi_delete                                                 
1001c2e5  ti_sysbios_knl_Swi_destruct                                               
1001c2e9  ti_sysbios_knl_Swi_postInit__I                                            
1001c2ed  ti_sysbios_knl_Task_SupportProxy_Module__startupDone__S                   
1001c2f1  ti_sysbios_knl_Task_SupportProxy_getStackAlignment__E                     
1001c2f5  ti_sysbios_knl_Task_SupportProxy_start__E                                 
1001c2f9  ti_sysbios_knl_Task_SupportProxy_swap__E                                  
1001c2fd  ti_sysbios_knl_Task_delete                                                
1001c301  ti_sysbios_knl_Task_destruct                                              
1001c305  ti_sysbios_knl_Task_startup__E                                            
1001c309  xdc_runtime_Startup_startMods__I                                          
1001c401  xdc_runtime_Core_createObject__I                                          
1001c483  xdc_runtime_Error_policySpin__E                                           
1001c485  xdc_runtime_Memory_alloc__E                                               
1001c4f5  xdc_runtime_Core_deleteObject__I                                          
1001c555  xdc_runtime_Startup_exec__E                                               
1001c5a5  xdc_runtime_Assert_raise__I                                               
1001c5ed  xdc_runtime_Core_assignParams__I                                          
1001c635  xdc_runtime_Core_constructObject__I                                       
1001c67d  xdc_runtime_System_atexit__E                                              
1001c6b5  xdc_runtime_System_processAtExit__E                                       
1001c6e9  xdc_runtime_Core_assignLabel__I                                           
1001c719  xdc_runtime_Text_cordText__E                                              
1001c745  xdc_runtime_System_abort__E                                               
1001c765  xdc_runtime_Error_raiseX__E                                               
1001c781  xdc_runtime_Memory_valloc__E                                              
1001c79d  xdc_runtime_Core_destructObject__I                                        
1001c7b5  xdc_runtime_Error_check__E                                                
1001c7cd  xdc_runtime_System_exit__E                                                
1001c7e5  xdc_runtime_Text_ropeText__E                                              
1001c7fd  xdc_runtime_Memory_free__E                                                
1001c80d  xdc_runtime_SysCallback_abort__E                                          
1001c81d  xdc_runtime_SysCallback_exit__E                                           
1001c82d  xdc_runtime_Timestamp_SupportProxy_get32__E                               
1001c82d  xdc_runtime_Timestamp_get32__E                                            
1001c82d  xdc_runtime_Timestamp_get32__E                                            
1001c83d  xdc_runtime_Error_init__E                                                 
1001c849  xdc_runtime_Memory_calloc__E                                              
1001c855  xdc_runtime_Memory_getMaxDefaultTypeAlign__E                              
1001c875  xdc_runtime_Gate_leaveSystem__E                                           
1001c87b  xdc_runtime_System_Module_startup__E                                      
1001c881  xdc_runtime_Gate_enterSystem__E                                           
1001c885  xdc_runtime_Memory_HeapProxy_alloc__E                                     
1001c889  xdc_runtime_Memory_HeapProxy_free__E                                      
1001c88d  xdc_runtime_System_Module_GateProxy_enter__E                              
1001c891  xdc_runtime_System_Module_GateProxy_leave__E                              
1001c895  xdc_runtime_System_abortSpin__E                                           
1001c897  xdc_runtime_System_exitSpin__E                                            
1001c899  ti_sysbios_family_arm_m3_Hwi_dispatch__I                                  
1001c969  ti_sysbios_family_arm_m3_TaskSupport_buildTaskStack                       
1001c9b5  ti_sysbios_family_arm_m3_Hwi_initStacks__E                                
1001c9fd  ti_sysbios_family_arm_m3_Hwi_excHandlerAsm__I                             
1001ca1d  ti_sysbios_family_xxx_Hwi_switchAndRunFunc                                
1001ca3b  ti_sysbios_family_arm_m3_Hwi_pendSV__I                                    
1001ca53  ti_sysbios_family_arm_m3_Hwi_return                                       
1001ca55  ti_sysbios_family_arm_m3_TaskSupport_glue                                 
1001ca65  ti_sysbios_family_arm_m3_TaskSupport_swap__E                              
1001ca65  ti_sysbios_knl_Task_SupportProxy_swap__E__mangled__                       
1001ca6d  ti_sysbios_knl_Task_swapReturn                                            
1001ca97  ti_sysbios_rom_cortexm_cc13xx_CC13xx_getRevision__E                       
20000000  ti_sysbios_family_arm_m3_Hwi_ramVectors                                   
20000100  ti_sysbios_knl_Task_Module__state__V                                      
20000144  ti_sysbios_family_arm_m3_Hwi_Module__state__V                             
20000178  ti_sysbios_knl_Clock_Module__state__V                                     
200001a4  ti_sysbios_BIOS_Module__state__V                                          
200001c8  ti_sysbios_knl_Swi_Module__state__V                                       
200001e4  ti_sysbios_family_arm_cc26xx_Timer_Module__state__V                       
200001ec  ti_sysbios_family_arm_cc26xx_TimestampProvider_Module__state__V           
200001f0  xdc_runtime_Startup_Module__state__V                                      
200001f8  xdc_runtime_System_Module__state__V                                       
20000200  xdc_runtime_Memory_Module__state__V                                       
20000a08  sensorTaskStack                                                           
20000e08  ti_sysbios_heaps_HeapMem_Instance_State_0_buf__A                          
20001208  ti_sysbios_knl_Task_Instance_State_0_stack__A                             
20001408  __CIOBUF_                                                                 
20001528  gptimerCC26XXObjects                                                      
20001748  i2cCC26xxObjects                                                          
20001828  ti_sysbios_family_arm_m3_Hwi_dispatchTable                                
20001c08  xdc_runtime_SysMin_Module_State_0_outbuf__A                               
20001c88  PIN_HandleTable                                                           
20001d04  nodeRadioTask                                                             
20001d54  nodeTask                                                                  
20001da4  sensorTaskStruct                                                          
20001fa8  fastReportTimeoutClock                                                    
200020b0  i2cTransaction                                                            
200020cc  radioAccessSem                                                            
200020e8  radioResultSem                                                            
200021b0  nodeEvent                                                                 
200021d8  radioOperationEvent                                                       
2000221c  i2cParams                                                                 
20002280  parmbuf                                                                   
2000228c  PIN_NumPins                                                               
20002298  hTimer                                                                    
2000229c  i2c                                                                       
200022b4  timerPinHandle                                                            
200022c0  driverlib_release_0_47020                                                 
200022c8  PowerCC26XX_module                                                        
200024c8  pOverrides_hsm                                                            
20002528  pOverrides_lrm                                                            
20002584  pOverrides_ook                                                            
20002638  pOverrides_fsk                                                            
20002690  ti_sysbios_knl_Task_Object__table__V                                      
200026e0  ti_sysbios_family_arm_cc26xx_Timer_Object__table__V                       
20002728  RF_pProp_fsk                                                              
2000272c  RF_pProp_lrm                                                              
20002730  RF_pProp_ook                                                              
20002734  RF_pProp_hsm                                                              
20002738  RF_pProp_2_4G_fsk                                                         
2000273c  RF_pCmdPropRadioDivSetup_fsk                                              
20002740  RF_pCmdPropRadioDivSetup_lrm                                              
20002744  RF_pCmdPropRadioDivSetup_ook                                              
20002748  RF_pCmdRadioSetup_hsm                                                     
2000274c  RF_pCmdPropRadioSetup_2_4G_fsk                                            
20002750  RF_pCmdTxHS                                                               
20002754  RF_pCmdRxHS                                                               
20002758  RF_pCmdFs_preDef                                                          
2000275c  RF_pCmdPropTx_preDef                                                      
20002760  RF_pCmdPropRxAdv_preDef                                                   
20002764  ti_sysbios_gates_GateMutex_Object__table__V                               
2000279c  RF_cmdPropRxAdv_preDef                                                    
200027cc  ti_sysbios_knl_Swi_Module_State_0_readyQ__A                               
200027fc  ti_sysbios_knl_Swi_Object__table__V                                       
2000282c  RF_cmdPropRadioDivSetup                                                   
20002854  RF_cmdPropRadioDivSetup_fsk                                               
2000287c  RF_cmdPropRadioDivSetup_lrm                                               
200028a4  RF_cmdPropRadioDivSetup_ook                                               
200028cc  RF_cmdRxHS                                                                
200028f0  intervalBuf                                                               
20002910  ti_sysbios_knl_Clock_Object__table__V                                     
20002930  ti_sysbios_knl_Task_Module_State_0_readyQ__A                              
20002950  timerBuf                                                                  
2000298c  RF_cmdFs                                                                  
200029a4  RF_cmdFs_preDef                                                           
200029bc  RF_cmdPropTx                                                              
200029d4  RF_cmdPropTx_preDef                                                       
200029ec  RF_cmdRadioSetup_hsm                                                      
20002a1c  shapeovr                                                                  
20002a34  ti_sysbios_family_arm_m3_Hwi_Object__table__V                             
20002a4c  ti_sysbios_heaps_HeapMem_Object__table__V                                 
20002a64  RF_cmdTxHS                                                                
20002a78  RF_prop                                                                   
20002a88  RF_prop_fsk                                                               
20002a98  RF_prop_hsm                                                               
20002aa8  RF_prop_lrm                                                               
20002ab8  RF_prop_ook                                                               
20002ae4  xdc_runtime_SysMin_Module__state__V                                       
20002af0  _lock                                                                     
20002af4  _unlock                                                                   
20002af8  timerBufIndex                                                             
20002af9  intervalBufIndex                                                          
20002b00  buttonPinTable                                                            
20002b08  gptPinTable                                                               
20002b10  outputPinTable                                                            
20002b18  pinTable                                                                  
20002b20  ti_sysbios_family_arm_m3_Hwi_Module__root__V                              
20002b28  ti_sysbios_gates_GateHwi_Module__root__V                                  
20002b30  ti_sysbios_gates_GateMutex_Module__root__V                                
20002b38  ti_sysbios_hal_Hwi_Module__root__V                                        
20002b40  ti_sysbios_heaps_HeapMem_Module__root__V                                  
20002b48  ti_sysbios_knl_Clock_Module__root__V                                      
20002b50  ti_sysbios_knl_Event_Module__root__V                                      
20002b58  ti_sysbios_knl_Mailbox_Module__root__V                                    
20002b60  ti_sysbios_knl_Queue_Module__root__V                                      
20002b68  ti_sysbios_knl_Semaphore_Module__root__V                                  
20002b70  ti_sysbios_knl_Swi_Module__root__V                                        
20002b78  ti_sysbios_knl_Task_Module__root__V                                       
20002b80  xdc_runtime_Registry_Module__state__V                                     
20002b88  xdc_runtime_System_Module_State_0_atexitHandlers__A                       
20002b90  main_func_sp                                                              
20002b94  ti_sysbios_family_arm_m3_Hwi_Module_State_0_excContext__A                 
20002b98  ti_sysbios_family_arm_m3_Hwi_Module_State_0_excStack__A                   
20002b9c  ti_sysbios_knl_Task_Module_State_0_idleTask__A                            
20002ba0  ti_sysbios_family_arm_m3_Hwi_Module_State_0_excActive__A                  
20004d00  __stack                                                                   
20005000  __STACK_END                                                               
e000e000  ti_sysbios_family_arm_m3_Hwi_nvic                                         
ffffffff  __TI_pprof_out_hndl                                                       
ffffffff  __TI_prof_data_size                                                       
ffffffff  __TI_prof_data_start                                                      
ffffffff  __binit__                                                                 
ffffffff  __c_args__                                                                
ffffffff  binit                                                                     
UNDEFED   SHT$$INIT_ARRAY$$Base                                                     
UNDEFED   SHT$$INIT_ARRAY$$Limit                                                    

[892 symbols]
